Archive member included to satisfy reference by file (symbol)

d:/vxl/stm32/stm32cubeide_1.7.0/stm32cubeide/plugins/com.st.stm32cube.ide.mcu.externaltools.gnu-tools-for-stm32.9-2020-q2-update.win32_2.0.0.202105311346/tools/bin/../lib/gcc/arm-none-eabi/9.3.1/../../../../arm-none-eabi/lib/thumb/v7-m/nofp\libc_nano.a(lib_a-errno.o)
                              ./Core/Src/syscalls.o (__errno)
d:/vxl/stm32/stm32cubeide_1.7.0/stm32cubeide/plugins/com.st.stm32cube.ide.mcu.externaltools.gnu-tools-for-stm32.9-2020-q2-update.win32_2.0.0.202105311346/tools/bin/../lib/gcc/arm-none-eabi/9.3.1/../../../../arm-none-eabi/lib/thumb/v7-m/nofp\libc_nano.a(lib_a-exit.o)
                              d:/vxl/stm32/stm32cubeide_1.7.0/stm32cubeide/plugins/com.st.stm32cube.ide.mcu.externaltools.gnu-tools-for-stm32.9-2020-q2-update.win32_2.0.0.202105311346/tools/bin/../lib/gcc/arm-none-eabi/9.3.1/../../../../arm-none-eabi/lib/thumb/v7-m/nofp/crt0.o (exit)
d:/vxl/stm32/stm32cubeide_1.7.0/stm32cubeide/plugins/com.st.stm32cube.ide.mcu.externaltools.gnu-tools-for-stm32.9-2020-q2-update.win32_2.0.0.202105311346/tools/bin/../lib/gcc/arm-none-eabi/9.3.1/../../../../arm-none-eabi/lib/thumb/v7-m/nofp\libc_nano.a(lib_a-impure.o)
                              d:/vxl/stm32/stm32cubeide_1.7.0/stm32cubeide/plugins/com.st.stm32cube.ide.mcu.externaltools.gnu-tools-for-stm32.9-2020-q2-update.win32_2.0.0.202105311346/tools/bin/../lib/gcc/arm-none-eabi/9.3.1/../../../../arm-none-eabi/lib/thumb/v7-m/nofp\libc_nano.a(lib_a-exit.o) (_global_impure_ptr)
d:/vxl/stm32/stm32cubeide_1.7.0/stm32cubeide/plugins/com.st.stm32cube.ide.mcu.externaltools.gnu-tools-for-stm32.9-2020-q2-update.win32_2.0.0.202105311346/tools/bin/../lib/gcc/arm-none-eabi/9.3.1/../../../../arm-none-eabi/lib/thumb/v7-m/nofp\libc_nano.a(lib_a-init.o)
                              d:/vxl/stm32/stm32cubeide_1.7.0/stm32cubeide/plugins/com.st.stm32cube.ide.mcu.externaltools.gnu-tools-for-stm32.9-2020-q2-update.win32_2.0.0.202105311346/tools/bin/../lib/gcc/arm-none-eabi/9.3.1/../../../../arm-none-eabi/lib/thumb/v7-m/nofp/crt0.o (__libc_init_array)
d:/vxl/stm32/stm32cubeide_1.7.0/stm32cubeide/plugins/com.st.stm32cube.ide.mcu.externaltools.gnu-tools-for-stm32.9-2020-q2-update.win32_2.0.0.202105311346/tools/bin/../lib/gcc/arm-none-eabi/9.3.1/../../../../arm-none-eabi/lib/thumb/v7-m/nofp\libc_nano.a(lib_a-memset.o)
                              d:/vxl/stm32/stm32cubeide_1.7.0/stm32cubeide/plugins/com.st.stm32cube.ide.mcu.externaltools.gnu-tools-for-stm32.9-2020-q2-update.win32_2.0.0.202105311346/tools/bin/../lib/gcc/arm-none-eabi/9.3.1/../../../../arm-none-eabi/lib/thumb/v7-m/nofp/crt0.o (memset)
d:/vxl/stm32/stm32cubeide_1.7.0/stm32cubeide/plugins/com.st.stm32cube.ide.mcu.externaltools.gnu-tools-for-stm32.9-2020-q2-update.win32_2.0.0.202105311346/tools/bin/../lib/gcc/arm-none-eabi/9.3.1/../../../../arm-none-eabi/lib/thumb/v7-m/nofp\libc_nano.a(lib_a-sprintf.o)
                              ./Core/Src/uart_communiation_fsm.o (sprintf)
d:/vxl/stm32/stm32cubeide_1.7.0/stm32cubeide/plugins/com.st.stm32cube.ide.mcu.externaltools.gnu-tools-for-stm32.9-2020-q2-update.win32_2.0.0.202105311346/tools/bin/../lib/gcc/arm-none-eabi/9.3.1/../../../../arm-none-eabi/lib/thumb/v7-m/nofp\libc_nano.a(lib_a-strcmp.o)
                              ./Core/Src/command_parser_fsm.o (strcmp)
d:/vxl/stm32/stm32cubeide_1.7.0/stm32cubeide/plugins/com.st.stm32cube.ide.mcu.externaltools.gnu-tools-for-stm32.9-2020-q2-update.win32_2.0.0.202105311346/tools/bin/../lib/gcc/arm-none-eabi/9.3.1/../../../../arm-none-eabi/lib/thumb/v7-m/nofp\libc_nano.a(lib_a-nano-svfprintf.o)
                              d:/vxl/stm32/stm32cubeide_1.7.0/stm32cubeide/plugins/com.st.stm32cube.ide.mcu.externaltools.gnu-tools-for-stm32.9-2020-q2-update.win32_2.0.0.202105311346/tools/bin/../lib/gcc/arm-none-eabi/9.3.1/../../../../arm-none-eabi/lib/thumb/v7-m/nofp\libc_nano.a(lib_a-sprintf.o) (_svfprintf_r)
d:/vxl/stm32/stm32cubeide_1.7.0/stm32cubeide/plugins/com.st.stm32cube.ide.mcu.externaltools.gnu-tools-for-stm32.9-2020-q2-update.win32_2.0.0.202105311346/tools/bin/../lib/gcc/arm-none-eabi/9.3.1/../../../../arm-none-eabi/lib/thumb/v7-m/nofp\libc_nano.a(lib_a-nano-vfprintf_i.o)
                              d:/vxl/stm32/stm32cubeide_1.7.0/stm32cubeide/plugins/com.st.stm32cube.ide.mcu.externaltools.gnu-tools-for-stm32.9-2020-q2-update.win32_2.0.0.202105311346/tools/bin/../lib/gcc/arm-none-eabi/9.3.1/../../../../arm-none-eabi/lib/thumb/v7-m/nofp\libc_nano.a(lib_a-nano-svfprintf.o) (_printf_i)
d:/vxl/stm32/stm32cubeide_1.7.0/stm32cubeide/plugins/com.st.stm32cube.ide.mcu.externaltools.gnu-tools-for-stm32.9-2020-q2-update.win32_2.0.0.202105311346/tools/bin/../lib/gcc/arm-none-eabi/9.3.1/../../../../arm-none-eabi/lib/thumb/v7-m/nofp\libc_nano.a(lib_a-memchr-stub.o)
[...]
Memory Configuration

Name             Origin             Length             Attributes
RAM              0x0000000020000000 0x0000000000002800 xrw
FLASH            0x0000000008000000 0x0000000000008000 xr
*default*        0x0000000000000000 0xffffffffffffffff

Linker script and memory map

LOAD d:/vxl/stm32/stm32cubeide_1.7.0/stm32cubeide/plugins/com.st.stm32cube.ide.mcu.externaltools.gnu-tools-for-stm32.9-2020-q2-update.win32_2.0.0.202105311346/tools/bin/../lib/gcc/arm-none-eabi/9.3.1/thumb/v7-m/nofp/crti.o
LOAD d:/vxl/stm32/stm32cubeide_1.7.0/stm32cubeide/plugins/com.st.stm32cube.ide.mcu.externaltools.gnu-tools-for-stm32.9-2020-q2-update.win32_2.0.0.202105311346/tools/bin/../lib/gcc/arm-none-eabi/9.3.1/thumb/v7-m/nofp/crtbegin.o
LOAD d:/vxl/stm32/stm32cubeide_1.7.0/stm32cubeide/plugins/com.st.stm32cube.ide.mcu.externaltools.gnu-tools-for-stm32.9-2020-q2-update.win32_2.0.0.202105311346/tools/bin/../lib/gcc/arm-none-eabi/9.3.1/../../../../arm-none-eabi/lib/thumb/v7-m/nofp/crt0.o
LOAD ./Core/Src/command_parser_fsm.o
LOAD ./Core/Src/main.o
LOAD ./Core/Src/stm32f1xx_hal_msp.o
LOAD ./Core/Src/stm32f1xx_it.o
LOAD ./Core/Src/syscalls.o
LOAD ./Core/Src/sysmem.o
LOAD ./Core/Src/system_stm32f1xx.o
LOAD ./Core/Src/uart_communiation_fsm.o
LOAD ./Core/Startup/startup_stm32f103c6ux.o
LOAD ./Drivers/STM32F1xx_HAL_Driver/Src/stm32f1xx_hal.o
LOAD ./Drivers/STM32F1xx_HAL_Driver/Src/stm32f1xx_hal_adc.o
LOAD ./Drivers/STM32F1xx_HAL_Driver/Src/stm32f1xx_hal_adc_ex.o
LOAD ./Drivers/STM32F1xx_HAL_Driver/Src/stm32f1xx_hal_cortex.o
LOAD ./Drivers/STM32F1xx_HAL_Driver/Src/stm32f1xx_hal_dma.o
LOAD ./Drivers/STM32F1xx_HAL_Driver/Src/stm32f1xx_hal_exti.o
LOAD ./Drivers/STM32F1xx_HAL_Driver/Src/stm32f1xx_hal_flash.o
LOAD ./Drivers/STM32F1xx_HAL_Driver/Src/stm32f1xx_hal_flash_ex.o
LOAD ./Drivers/STM32F1xx_HAL_Driver/Src/stm32f1xx_hal_gpio.o
LOAD ./Drivers/STM32F1xx_HAL_Driver/Src/stm32f1xx_hal_gpio_ex.o
LOAD ./Drivers/STM32F1xx_HAL_Driver/Src/stm32f1xx_hal_pwr.o
LOAD ./Drivers/STM32F1xx_HAL_Driver/Src/stm32f1xx_hal_rcc.o
LOAD ./Drivers/STM32F1xx_HAL_Driver/Src/stm32f1xx_hal_rcc_ex.o
LOAD ./Drivers/STM32F1xx_HAL_Driver/Src/stm32f1xx_hal_tim.o
LOAD ./Drivers/STM32F1xx_HAL_Driver/Src/stm32f1xx_hal_tim_ex.o
LOAD ./Drivers/STM32F1xx_HAL_Driver/Src/stm32f1xx_hal_uart.o
START GROUP
LOAD d:/vxl/stm32/stm32cubeide_1.7.0/stm32cubeide/plugins/com.st.stm32cube.ide.mcu.externaltools.gnu-tools-for-stm32.9-2020-q2-update.win32_2.0.0.202105311346/tools/bin/../lib/gcc/arm-none-eabi/9.3.1/../../../../arm-none-eabi/lib/thumb/v7-m/nofp\libc_nano.a
LOAD d:/vxl/stm32/stm32cubeide_1.7.0/stm32cubeide/plugins/com.st.stm32cube.ide.mcu.externaltools.gnu-tools-for-stm32.9-2020-q2-update.win32_2.0.0.202105311346/tools/bin/../lib/gcc/arm-none-eabi/9.3.1/../../../../arm-none-eabi/lib/thumb/v7-m/nofp\libm.a
END GROUP
START GROUP
LOAD d:/vxl/stm32/stm32cubeide_1.7.0/stm32cubeide/plugins/com.st.stm32cube.ide.mcu.externaltools.gnu-tools-for-stm32.9-2020-q2-update.win32_2.0.0.202105311346/tools/bin/../lib/gcc/arm-none-eabi/9.3.1/thumb/v7-m/nofp\libgcc.a
LOAD d:/vxl/stm32/stm32cubeide_1.7.0/stm32cubeide/plugins/com.st.stm32cube.ide.mcu.externaltools.gnu-tools-for-stm32.9-2020-q2-update.win32_2.0.0.202105311346/tools/bin/../lib/gcc/arm-none-eabi/9.3.1/../../../../arm-none-eabi/lib/thumb/v7-m/nofp\libc_nano.a
END GROUP
START GROUP
LOAD d:/vxl/stm32/stm32cubeide_1.7.0/stm32cubeide/plugins/com.st.stm32cube.ide.mcu.externaltools.gnu-tools-for-stm32.9-2020-q2-update.win32_2.0.0.202105311346/tools/bin/../lib/gcc/arm-none-eabi/9.3.1/thumb/v7-m/nofp\libgcc.a
LOAD d:/vxl/stm32/stm32cubeide_1.7.0/stm32cubeide/plugins/com.st.stm32cube.ide.mcu.externaltools.gnu-tools-for-stm32.9-2020-q2-update.win32_2.0.0.202105311346/tools/bin/../lib/gcc/arm-none-eabi/9.3.1/../../../../arm-none-eabi/lib/thumb/v7-m/nofp\libc_nano.a
LOAD d:/vxl/stm32/stm32cubeide_1.7.0/stm32cubeide/plugins/com.st.stm32cube.ide.mcu.externaltools.gnu-tools-for-stm32.9-2020-q2-update.win32_2.0.0.202105311346/tools/bin/../lib/gcc/arm-none-eabi/9.3.1/../../../../arm-none-eabi/lib/thumb/v7-m/nofp\libnosys.a
END GROUP
START GROUP
LOAD d:/vxl/stm32/stm32cubeide_1.7.0/stm32cubeide/plugins/com.st.stm32cube.ide.mcu.externaltools.gnu-tools-for-stm32.9-2020-q2-update.win32_2.0.0.202105311346/tools/bin/../lib/gcc/arm-none-eabi/9.3.1/thumb/v7-m/nofp\libgcc.a
LOAD d:/vxl/stm32/stm32cubeide_1.7.0/stm32cubeide/plugins/com.st.stm32cube.ide.mcu.externaltools.gnu-tools-for-stm32.9-2020-q2-update.win32_2.0.0.202105311346/tools/bin/../lib/gcc/arm-none-eabi/9.3.1/../../../../arm-none-eabi/lib/thumb/v7-m/nofp\libc_nano.a
LOAD d:/vxl/stm32/stm32cubeide_1.7.0/stm32cubeide/plugins/com.st.stm32cube.ide.mcu.externaltools.gnu-tools-for-stm32.9-2020-q2-update.win32_2.0.0.202105311346/tools/bin/../lib/gcc/arm-none-eabi/9.3.1/../../../../arm-none-eabi/lib/thumb/v7-m/nofp\libnosys.a
END GROUP
LOAD d:/vxl/stm32/stm32cubeide_1.7.0/stm32cubeide/plugins/com.st.stm32cube.ide.mcu.externaltools.gnu-tools-for-stm32.9-2020-q2-update.win32_2.0.0.202105311346/tools/bin/../lib/gcc/arm-none-eabi/9.3.1/thumb/v7-m/nofp/crtend.o
LOAD d:/vxl/stm32/stm32cubeide_1.7.0/stm32cubeide/plugins/com.st.stm32cube.ide.mcu.externaltools.gnu-tools-for-stm32.9-2020-q2-update.win32_2.0.0.202105311346/tools/bin/../lib/gcc/arm-none-eabi/9.3.1/thumb/v7-m/nofp/crtn.o
                0x0000000020002800                _estack = (ORIGIN (RAM) + LENGTH (RAM))
                0x0000000000000200                _Min_Heap_Size = 0x200
                0x0000000000000400                _Min_Stack_Size = 0x400

.isr_vector     0x0000000008000000      0x10c
                0x0000000008000000                . = ALIGN (0x4)
 *(.isr_vector)
 .isr_vector    0x0000000008000000      0x10c ./Core/Startup/startup_stm32f103c6ux.o
                0x0000000008000000                g_pfnVectors
                0x000000000800010c                . = ALIGN (0x4)

.text           0x000000000800010c     0x357c
                0x000000000800010c                . = ALIGN (0x4)
 *(.text)
 .text          0x000000000800010c       0x40 d:/vxl/stm32/stm32cubeide_1.7.0/stm32cubeide/plugins/com.st.stm32cube.ide.mcu.externaltools.gnu-tools-for-stm32.9-2020-q2-update.win32_2.0.0.202105311346/tools/bin/../lib/gcc/arm-none-eabi/9.3.1/thumb/v7-m/nofp/crtbegin.o
 .text          0x000000000800014c       0x14 d:/vxl/stm32/stm32cubeide_1.7.0/stm32cubeide/plugins/com.st.stm32cube.ide.mcu.externaltools.gnu-tools-for-stm32.9-2020-q2-update.win32_2.0.0.202105311346/tools/bin/../lib/gcc/arm-none-eabi/9.3.1/../../../../arm-none-eabi/lib/thumb/v7-m/nofp\libc_nano.a(lib_a-strcmp.o)
                0x000000000800014c                strcmp
 *(.text*)
 .text.command_parser_fsm
                0x0000000008000160       0x60 ./Core/Src/command_parser_fsm.o
                0x0000000008000160                command_parser_fsm
 .text.HAL_UART_RxCpltCallback
                0x00000000080001c0      0x128 ./Core/Src/main.o
                0x00000000080001c0                HAL_UART_RxCpltCallback
 .text.main     0x00000000080002e8       0x54 ./Core/Src/main.o
                0x00000000080002e8                main
 .text.SystemClock_Config
                0x000000000800033c       0xa0 ./Core/Src/main.o
                0x000000000800033c                SystemClock_Config
 .text.MX_ADC1_Init
                0x00000000080003dc       0x7c ./Core/Src/main.o
 .text.MX_USART1_UART_Init
                0x0000000008000458       0x54 ./Core/Src/main.o
 .text.MX_USART2_UART_Init
                0x00000000080004ac       0x54 ./Core/Src/main.o
 .text.MX_GPIO_Init
                0x0000000008000500       0x64 ./Core/Src/main.o
 .text.Error_Handler
                0x0000000008000564        0xa ./Core/Src/main.o
                0x0000000008000564                Error_Handler
 *fill*         0x000000000800056e        0x2 
 .text.HAL_MspInit
                0x0000000008000570       0x64 ./Core/Src/stm32f1xx_hal_msp.o
                0x0000000008000570                HAL_MspInit
 .text.HAL_ADC_MspInit
                0x00000000080005d4       0x78 ./Core/Src/stm32f1xx_hal_msp.o
                0x00000000080005d4                HAL_ADC_MspInit
 .text.HAL_UART_MspInit
                0x000000000800064c      0x128 ./Core/Src/stm32f1xx_hal_msp.o
                0x000000000800064c                HAL_UART_MspInit
 .text.NMI_Handler
                0x0000000008000774        0x6 ./Core/Src/stm32f1xx_it.o
                0x0000000008000774                NMI_Handler
 .text.HardFault_Handler
                0x000000000800077a        0x6 ./Core/Src/stm32f1xx_it.o
                0x000000000800077a                HardFault_Handler
 .text.MemManage_Handler
                0x0000000008000780        0x6 ./Core/Src/stm32f1xx_it.o
                0x0000000008000780                MemManage_Handler
 .text.BusFault_Handler
                0x0000000008000786        0x6 ./Core/Src/stm32f1xx_it.o
                0x0000000008000786                BusFault_Handler
 .text.UsageFault_Handler
                0x000000000800078c        0x6 ./Core/Src/stm32f1xx_it.o
                0x000000000800078c                UsageFault_Handler
 .text.SVC_Handler
                0x0000000008000792        0xc ./Core/Src/stm32f1xx_it.o
                0x0000000008000792                SVC_Handler
 .text.DebugMon_Handler
                0x000000000800079e        0xc ./Core/Src/stm32f1xx_it.o
                0x000000000800079e                DebugMon_Handler
 .text.PendSV_Handler
                0x00000000080007aa        0xc ./Core/Src/stm32f1xx_it.o
                0x00000000080007aa                PendSV_Handler
 .text.SysTick_Handler
                0x00000000080007b6        0xc ./Core/Src/stm32f1xx_it.o
                0x00000000080007b6                SysTick_Handler
 *fill*         0x00000000080007c2        0x2 
 .text.USART1_IRQHandler
                0x00000000080007c4       0x14 ./Core/Src/stm32f1xx_it.o
                0x00000000080007c4                USART1_IRQHandler
 .text.USART2_IRQHandler
                0x00000000080007d8       0x14 ./Core/Src/stm32f1xx_it.o
                0x00000000080007d8                USART2_IRQHandler
 .text._sbrk    0x00000000080007ec       0x6c ./Core/Src/sysmem.o
                0x00000000080007ec                _sbrk
 .text.SystemInit
                0x0000000008000858        0xc ./Core/Src/system_stm32f1xx.o
                0x0000000008000858                SystemInit
 .text.uart_communiation_fsm
                0x0000000008000864       0xa4 ./Core/Src/uart_communiation_fsm.o
                0x0000000008000864                uart_communiation_fsm
 .text.Reset_Handler
                0x0000000008000908       0x48 ./Core/Startup/startup_stm32f103c6ux.o
                0x0000000008000908                Reset_Handler
 .text.Default_Handler
                0x0000000008000950        0x2 ./Core/Startup/startup_stm32f103c6ux.o
                0x0000000008000950                RTC_Alarm_IRQHandler
                0x0000000008000950                EXTI2_IRQHandler
                0x0000000008000950                TIM1_CC_IRQHandler
                0x0000000008000950                PVD_IRQHandler
                0x0000000008000950                EXTI3_IRQHandler
                0x0000000008000950                EXTI0_IRQHandler
                0x0000000008000950                ADC1_2_IRQHandler
                0x0000000008000950                SPI1_IRQHandler
                0x0000000008000950                TAMPER_IRQHandler
                0x0000000008000950                DMA1_Channel4_IRQHandler
                0x0000000008000950                RTC_IRQHandler
                0x0000000008000950                DMA1_Channel7_IRQHandler
                0x0000000008000950                CAN1_RX1_IRQHandler
                0x0000000008000950                I2C1_EV_IRQHandler
                0x0000000008000950                DMA1_Channel6_IRQHandler
                0x0000000008000950                TIM3_IRQHandler
                0x0000000008000950                RCC_IRQHandler
                0x0000000008000950                TIM1_TRG_COM_IRQHandler
                0x0000000008000950                DMA1_Channel1_IRQHandler
                0x0000000008000950                Default_Handler
                0x0000000008000950                EXTI15_10_IRQHandler
                0x0000000008000950                EXTI9_5_IRQHandler
                0x0000000008000950                DMA1_Channel5_IRQHandler
                0x0000000008000950                EXTI4_IRQHandler
                0x0000000008000950                USB_LP_CAN1_RX0_IRQHandler
                0x0000000008000950                USB_HP_CAN1_TX_IRQHandler
                0x0000000008000950                DMA1_Channel3_IRQHandler
                0x0000000008000950                TIM1_UP_IRQHandler
                0x0000000008000950                WWDG_IRQHandler
                0x0000000008000950                TIM2_IRQHandler
                0x0000000008000950                TIM1_BRK_IRQHandler
                0x0000000008000950                EXTI1_IRQHandler
                0x0000000008000950                DMA1_Channel2_IRQHandler
                0x0000000008000950                CAN1_SCE_IRQHandler
                0x0000000008000950                FLASH_IRQHandler
                0x0000000008000950                I2C1_ER_IRQHandler
                0x0000000008000950                USBWakeUp_IRQHandler
 *fill*         0x0000000008000952        0x2 
 .text.HAL_Init
                0x0000000008000954       0x2c ./Drivers/STM32F1xx_HAL_Driver/Src/stm32f1xx_hal.o
                0x0000000008000954                HAL_Init
 .text.HAL_InitTick
                0x0000000008000980       0x60 ./Drivers/STM32F1xx_HAL_Driver/Src/stm32f1xx_hal.o
                0x0000000008000980                HAL_InitTick
 .text.HAL_IncTick
                0x00000000080009e0       0x24 ./Drivers/STM32F1xx_HAL_Driver/Src/stm32f1xx_hal.o
                0x00000000080009e0                HAL_IncTick
 .text.HAL_GetTick
                0x0000000008000a04       0x14 ./Drivers/STM32F1xx_HAL_Driver/Src/stm32f1xx_hal.o
                0x0000000008000a04                HAL_GetTick
 .text.HAL_ADC_Init
                0x0000000008000a18      0x1b0 ./Drivers/STM32F1xx_HAL_Driver/Src/stm32f1xx_hal_adc.o
                0x0000000008000a18                HAL_ADC_Init
 .text.HAL_ADC_Start
                0x0000000008000bc8      0x15c ./Drivers/STM32F1xx_HAL_Driver/Src/stm32f1xx_hal_adc.o
                0x0000000008000bc8                HAL_ADC_Start
 .text.HAL_ADC_GetValue
                0x0000000008000d24       0x18 ./Drivers/STM32F1xx_HAL_Driver/Src/stm32f1xx_hal_adc.o
                0x0000000008000d24                HAL_ADC_GetValue
 .text.HAL_ADC_ConfigChannel
                0x0000000008000d3c      0x1f0 ./Drivers/STM32F1xx_HAL_Driver/Src/stm32f1xx_hal_adc.o
                0x0000000008000d3c                HAL_ADC_ConfigChannel
 .text.ADC_Enable
                0x0000000008000f2c       0xb4 ./Drivers/STM32F1xx_HAL_Driver/Src/stm32f1xx_hal_adc.o
                0x0000000008000f2c                ADC_Enable
 .text.ADC_ConversionStop_Disable
                0x0000000008000fe0       0x82 ./Drivers/STM32F1xx_HAL_Driver/Src/stm32f1xx_hal_adc.o
                0x0000000008000fe0                ADC_ConversionStop_Disable
 *fill*         0x0000000008001062        0x2 
 .text.__NVIC_SetPriorityGrouping
                0x0000000008001064       0x48 ./Drivers/STM32F1xx_HAL_Driver/Src/stm32f1xx_hal_cortex.o
 .text.__NVIC_GetPriorityGrouping
                0x00000000080010ac       0x1c ./Drivers/STM32F1xx_HAL_Driver/Src/stm32f1xx_hal_cortex.o
 .text.__NVIC_EnableIRQ
                0x00000000080010c8       0x38 ./Drivers/STM32F1xx_HAL_Driver/Src/stm32f1xx_hal_cortex.o
 .text.__NVIC_SetPriority
                0x0000000008001100       0x54 ./Drivers/STM32F1xx_HAL_Driver/Src/stm32f1xx_hal_cortex.o
 .text.NVIC_EncodePriority
                0x0000000008001154       0x64 ./Drivers/STM32F1xx_HAL_Driver/Src/stm32f1xx_hal_cortex.o
 .text.SysTick_Config
                0x00000000080011b8       0x44 ./Drivers/STM32F1xx_HAL_Driver/Src/stm32f1xx_hal_cortex.o
 .text.HAL_NVIC_SetPriorityGrouping
                0x00000000080011fc       0x16 ./Drivers/STM32F1xx_HAL_Driver/Src/stm32f1xx_hal_cortex.o
                0x00000000080011fc                HAL_NVIC_SetPriorityGrouping
 .text.HAL_NVIC_SetPriority
                0x0000000008001212       0x38 ./Drivers/STM32F1xx_HAL_Driver/Src/stm32f1xx_hal_cortex.o
                0x0000000008001212                HAL_NVIC_SetPriority
 .text.HAL_NVIC_EnableIRQ
                0x000000000800124a       0x1c ./Drivers/STM32F1xx_HAL_Driver/Src/stm32f1xx_hal_cortex.o
                0x000000000800124a                HAL_NVIC_EnableIRQ
 .text.HAL_SYSTICK_Config
                0x0000000008001266       0x18 ./Drivers/STM32F1xx_HAL_Driver/Src/stm32f1xx_hal_cortex.o
                0x0000000008001266                HAL_SYSTICK_Config
 .text.HAL_DMA_Abort
                0x000000000800127e       0x76 ./Drivers/STM32F1xx_HAL_Driver/Src/stm32f1xx_hal_dma.o
                0x000000000800127e                HAL_DMA_Abort
 .text.HAL_DMA_Abort_IT
                0x00000000080012f4       0xf0 ./Drivers/STM32F1xx_HAL_Driver/Src/stm32f1xx_hal_dma.o
                0x00000000080012f4                HAL_DMA_Abort_IT
 .text.HAL_GPIO_Init
                0x00000000080013e4      0x2f4 ./Drivers/STM32F1xx_HAL_Driver/Src/stm32f1xx_hal_gpio.o
                0x00000000080013e4                HAL_GPIO_Init
 .text.HAL_GPIO_WritePin
                0x00000000080016d8       0x30 ./Drivers/STM32F1xx_HAL_Driver/Src/stm32f1xx_hal_gpio.o
                0x00000000080016d8                HAL_GPIO_WritePin
 .text.HAL_GPIO_TogglePin
                0x0000000008001708       0x32 ./Drivers/STM32F1xx_HAL_Driver/Src/stm32f1xx_hal_gpio.o
                0x0000000008001708                HAL_GPIO_TogglePin
 *fill*         0x000000000800173a        0x2 
 .text.HAL_RCC_OscConfig
                0x000000000800173c      0x500 ./Drivers/STM32F1xx_HAL_Driver/Src/stm32f1xx_hal_rcc.o
                0x000000000800173c                HAL_RCC_OscConfig
 .text.HAL_RCC_ClockConfig
                0x0000000008001c3c      0x1d4 ./Drivers/STM32F1xx_HAL_Driver/Src/stm32f1xx_hal_rcc.o
                0x0000000008001c3c                HAL_RCC_ClockConfig
 .text.HAL_RCC_GetSysClockFreq
                0x0000000008001e10       0xa8 ./Drivers/STM32F1xx_HAL_Driver/Src/stm32f1xx_hal_rcc.o
                0x0000000008001e10                HAL_RCC_GetSysClockFreq
 .text.HAL_RCC_GetHCLKFreq
                0x0000000008001eb8       0x14 ./Drivers/STM32F1xx_HAL_Driver/Src/stm32f1xx_hal_rcc.o
                0x0000000008001eb8                HAL_RCC_GetHCLKFreq
 .text.HAL_RCC_GetPCLK1Freq
                0x0000000008001ecc       0x28 ./Drivers/STM32F1xx_HAL_Driver/Src/stm32f1xx_hal_rcc.o
                0x0000000008001ecc                HAL_RCC_GetPCLK1Freq
 .text.HAL_RCC_GetPCLK2Freq
                0x0000000008001ef4       0x28 ./Drivers/STM32F1xx_HAL_Driver/Src/stm32f1xx_hal_rcc.o
                0x0000000008001ef4                HAL_RCC_GetPCLK2Freq
 .text.RCC_Delay
                0x0000000008001f1c       0x3c ./Drivers/STM32F1xx_HAL_Driver/Src/stm32f1xx_hal_rcc.o
 .text.HAL_RCCEx_PeriphCLKConfig
                0x0000000008001f58      0x16c ./Drivers/STM32F1xx_HAL_Driver/Src/stm32f1xx_hal_rcc_ex.o
                0x0000000008001f58                HAL_RCCEx_PeriphCLKConfig
 .text.HAL_UART_Init
                0x00000000080020c4       0xa0 ./Drivers/STM32F1xx_HAL_Driver/Src/stm32f1xx_hal_uart.o
                0x00000000080020c4                HAL_UART_Init
 .text.HAL_UART_Transmit
                0x0000000008002164      0x116 ./Drivers/STM32F1xx_HAL_Driver/Src/stm32f1xx_hal_uart.o
                0x0000000008002164                HAL_UART_Transmit
 .text.HAL_UART_Receive_IT
                0x000000000800227a       0x4a ./Drivers/STM32F1xx_HAL_Driver/Src/stm32f1xx_hal_uart.o
                0x000000000800227a                HAL_UART_Receive_IT
 .text.HAL_UART_IRQHandler
                0x00000000080022c4      0x524 ./Drivers/STM32F1xx_HAL_Driver/Src/stm32f1xx_hal_uart.o
                0x00000000080022c4                HAL_UART_IRQHandler
 .text.HAL_UART_TxCpltCallback
                0x00000000080027e8       0x12 ./Drivers/STM32F1xx_HAL_Driver/Src/stm32f1xx_hal_uart.o
                0x00000000080027e8                HAL_UART_TxCpltCallback
 .text.HAL_UART_ErrorCallback
                0x00000000080027fa       0x12 ./Drivers/STM32F1xx_HAL_Driver/Src/stm32f1xx_hal_uart.o
                0x00000000080027fa                HAL_UART_ErrorCallback
 .text.HAL_UARTEx_RxEventCallback
                0x000000000800280c       0x16 ./Drivers/STM32F1xx_HAL_Driver/Src/stm32f1xx_hal_uart.o
                0x000000000800280c                HAL_UARTEx_RxEventCallback
 .text.UART_WaitOnFlagUntilTimeout
                0x0000000008002822       0xb2 ./Drivers/STM32F1xx_HAL_Driver/Src/stm32f1xx_hal_uart.o
 .text.UART_Start_Receive_IT
                0x00000000080028d4       0x72 ./Drivers/STM32F1xx_HAL_Driver/Src/stm32f1xx_hal_uart.o
                0x00000000080028d4                UART_Start_Receive_IT
 .text.UART_EndRxTransfer
                0x0000000008002946       0xc4 ./Drivers/STM32F1xx_HAL_Driver/Src/stm32f1xx_hal_uart.o
 .text.UART_DMAAbortOnError
                0x0000000008002a0a       0x28 ./Drivers/STM32F1xx_HAL_Driver/Src/stm32f1xx_hal_uart.o
 .text.UART_Transmit_IT
                0x0000000008002a32       0x9e ./Drivers/STM32F1xx_HAL_Driver/Src/stm32f1xx_hal_uart.o
 .text.UART_EndTransmit_IT
                0x0000000008002ad0       0x30 ./Drivers/STM32F1xx_HAL_Driver/Src/stm32f1xx_hal_uart.o
 .text.UART_Receive_IT
                0x0000000008002b00      0x17c ./Drivers/STM32F1xx_HAL_Driver/Src/stm32f1xx_hal_uart.o
 .text.UART_SetConfig
                0x0000000008002c7c      0x11c ./Drivers/STM32F1xx_HAL_Driver/Src/stm32f1xx_hal_uart.o
 .text.__errno  0x0000000008002d98        0xc d:/vxl/stm32/stm32cubeide_1.7.0/stm32cubeide/plugins/com.st.stm32cube.ide.mcu.externaltools.gnu-tools-for-stm32.9-2020-q2-update.win32_2.0.0.202105311346/tools/bin/../lib/gcc/arm-none-eabi/9.3.1/../../../../arm-none-eabi/lib/thumb/v7-m/nofp\libc_nano.a(lib_a-errno.o)
                0x0000000008002d98                __errno
 .text.__libc_init_array
                0x0000000008002da4       0x48 d:/vxl/stm32/stm32cubeide_1.7.0/stm32cubeide/plugins/com.st.stm32cube.ide.mcu.externaltools.gnu-tools-for-stm32.9-2020-q2-update.win32_2.0.0.202105311346/tools/bin/../lib/gcc/arm-none-eabi/9.3.1/../../../../arm-none-eabi/lib/thumb/v7-m/nofp\libc_nano.a(lib_a-init.o)
                0x0000000008002da4                __libc_init_array
 .text.memset   0x0000000008002dec       0x10 d:/vxl/stm32/stm32cubeide_1.7.0/stm32cubeide/plugins/com.st.stm32cube.ide.mcu.externaltools.gnu-tools-for-stm32.9-2020-q2-update.win32_2.0.0.202105311346/tools/bin/../lib/gcc/arm-none-eabi/9.3.1/../../../../arm-none-eabi/lib/thumb/v7-m/nofp\libc_nano.a(lib_a-memset.o)
                0x0000000008002dec                memset
 .text.sprintf  0x0000000008002dfc       0x40 d:/vxl/stm32/stm32cubeide_1.7.0/stm32cubeide/plugins/com.st.stm32cube.ide.mcu.externaltools.gnu-tools-for-stm32.9-2020-q2-update.win32_2.0.0.202105311346/tools/bin/../lib/gcc/arm-none-eabi/9.3.1/../../../../arm-none-eabi/lib/thumb/v7-m/nofp\libc_nano.a(lib_a-sprintf.o)
                0x0000000008002dfc                siprintf
                0x0000000008002dfc                sprintf
 .text.__ssputs_r
                0x0000000008002e3c       0xb6 d:/vxl/stm32/stm32cubeide_1.7.0/stm32cubeide/plugins/com.st.stm32cube.ide.mcu.externaltools.gnu-tools-for-stm32.9-2020-q2-update.win32_2.0.0.202105311346/tools/bin/../lib/gcc/arm-none-eabi/9.3.1/../../../../arm-none-eabi/lib/thumb/v7-m/nofp\libc_nano.a(lib_a-nano-svfprintf.o)
                0x0000000008002e3c                __ssputs_r
 *fill*         0x0000000008002ef2        0x2 
 .text._svfprintf_r
                0x0000000008002ef4      0x200 d:/vxl/stm32/stm32cubeide_1.7.0/stm32cubeide/plugins/com.st.stm32cube.ide.mcu.externaltools.gnu-tools-for-stm32.9-2020-q2-update.win32_2.0.0.202105311346/tools/bin/../lib/gcc/arm-none-eabi/9.3.1/../../../../arm-none-eabi/lib/thumb/v7-m/nofp\libc_nano.a(lib_a-nano-svfprintf.o)
                0x0000000008002ef4                _svfiprintf_r
                0x0000000008002ef4                _svfprintf_r
 .text._printf_common
                0x00000000080030f4       0xde d:/vxl/stm32/stm32cubeide_1.7.0/stm32cubeide/plugins/com.st.stm32cube.ide.mcu.externaltools.gnu-tools-for-stm32.9-2020-q2-update.win32_2.0.0.202105311346/tools/bin/../lib/gcc/arm-none-eabi/9.3.1/../../../../arm-none-eabi/lib/thumb/v7-m/nofp\libc_nano.a(lib_a-nano-vfprintf_i.o)
                0x00000000080030f4                _printf_common
 *fill*         0x00000000080031d2        0x2 
 .text._printf_i
                0x00000000080031d4      0x24c d:/vxl/stm32/stm32cubeide_1.7.0/stm32cubeide/plugins/com.st.stm32cube.ide.mcu.externaltools.gnu-tools-for-stm32.9-2020-q2-update.win32_2.0.0.202105311346/tools/bin/../lib/gcc/arm-none-eabi/9.3.1/../../../../arm-none-eabi/lib/thumb/v7-m/nofp\libc_nano.a(lib_a-nano-vfprintf_i.o)
                0x00000000080031d4                _printf_i
 .text.memchr   0x0000000008003420       0x1c d:/vxl/stm32/stm32cubeide_1.7.0/stm32cubeide/plugins/com.st.stm32cube.ide.mcu.externaltools.gnu-tools-for-stm32.9-2020-q2-update.win32_2.0.0.202105311346/tools/bin/../lib/gcc/arm-none-eabi/9.3.1/../../../../arm-none-eabi/lib/thumb/v7-m/nofp\libc_nano.a(lib_a-memchr-stub.o)
                0x0000000008003420                memchr
 .text.memcpy   0x000000000800343c       0x1c d:/vxl/stm32/stm32cubeide_1.7.0/stm32cubeide/plugins/com.st.stm32cube.ide.mcu.externaltools.gnu-tools-for-stm32.9-2020-q2-update.win32_2.0.0.202105311346/tools/bin/../lib/gcc/arm-none-eabi/9.3.1/../../../../arm-none-eabi/lib/thumb/v7-m/nofp\libc_nano.a(lib_a-memcpy-stub.o)
                0x000000000800343c                memcpy
 .text.memmove  0x0000000008003458       0x34 d:/vxl/stm32/stm32cubeide_1.7.0/stm32cubeide/plugins/com.st.stm32cube.ide.mcu.externaltools.gnu-tools-for-stm32.9-2020-q2-update.win32_2.0.0.202105311346/tools/bin/../lib/gcc/arm-none-eabi/9.3.1/../../../../arm-none-eabi/lib/thumb/v7-m/nofp\libc_nano.a(lib_a-memmove.o)
                0x0000000008003458                memmove
 .text._free_r  0x000000000800348c       0x98 d:/vxl/stm32/stm32cubeide_1.7.0/stm32cubeide/plugins/com.st.stm32cube.ide.mcu.externaltools.gnu-tools-for-stm32.9-2020-q2-update.win32_2.0.0.202105311346/tools/bin/../lib/gcc/arm-none-eabi/9.3.1/../../../../arm-none-eabi/lib/thumb/v7-m/nofp\libc_nano.a(lib_a-nano-freer.o)
                0x000000000800348c                _free_r
 .text._malloc_r
                0x0000000008003524       0xb4 d:/vxl/stm32/stm32cubeide_1.7.0/stm32cubeide/plugins/com.st.stm32cube.ide.mcu.externaltools.gnu-tools-for-stm32.9-2020-q2-update.win32_2.0.0.202105311346/tools/bin/../lib/gcc/arm-none-eabi/9.3.1/../../../../arm-none-eabi/lib/thumb/v7-m/nofp\libc_nano.a(lib_a-nano-mallocr.o)
                0x0000000008003524                _malloc_r
 .text._realloc_r
                0x00000000080035d8       0x4c d:/vxl/stm32/stm32cubeide_1.7.0/stm32cubeide/plugins/com.st.stm32cube.ide.mcu.externaltools.gnu-tools-for-stm32.9-2020-q2-update.win32_2.0.0.202105311346/tools/bin/../lib/gcc/arm-none-eabi/9.3.1/../../../../arm-none-eabi/lib/thumb/v7-m/nofp\libc_nano.a(lib_a-nano-reallocr.o)
                0x00000000080035d8                _realloc_r
 .text._sbrk_r  0x0000000008003624       0x20 d:/vxl/stm32/stm32cubeide_1.7.0/stm32cubeide/plugins/com.st.stm32cube.ide.mcu.externaltools.gnu-tools-for-stm32.9-2020-q2-update.win32_2.0.0.202105311346/tools/bin/../lib/gcc/arm-none-eabi/9.3.1/../../../../arm-none-eabi/lib/thumb/v7-m/nofp\libc_nano.a(lib_a-sbrkr.o)
                0x0000000008003624                _sbrk_r
 .text.__malloc_lock
                0x0000000008003644        0xc d:/vxl/stm32/stm32cubeide_1.7.0/stm32cubeide/plugins/com.st.stm32cube.ide.mcu.externaltools.gnu-tools-for-stm32.9-2020-q2-update.win32_2.0.0.202105311346/tools/bin/../lib/gcc/arm-none-eabi/9.3.1/../../../../arm-none-eabi/lib/thumb/v7-m/nofp\libc_nano.a(lib_a-mlock.o)
                0x0000000008003644                __malloc_lock
 .text.__malloc_unlock
                0x0000000008003650        0xc d:/vxl/stm32/stm32cubeide_1.7.0/stm32cubeide/plugins/com.st.stm32cube.ide.mcu.externaltools.gnu-tools-for-stm32.9-2020-q2-update.win32_2.0.0.202105311346/tools/bin/../lib/gcc/arm-none-eabi/9.3.1/../../../../arm-none-eabi/lib/thumb/v7-m/nofp\libc_nano.a(lib_a-mlock.o)
                0x0000000008003650                __malloc_unlock
 .text._malloc_usable_size_r
                0x000000000800365c       0x10 d:/vxl/stm32/stm32cubeide_1.7.0/stm32cubeide/plugins/com.st.stm32cube.ide.mcu.externaltools.gnu-tools-for-stm32.9-2020-q2-update.win32_2.0.0.202105311346/tools/bin/../lib/gcc/arm-none-eabi/9.3.1/../../../../arm-none-eabi/lib/thumb/v7-m/nofp\libc_nano.a(lib_a-nano-msizer.o)
                0x000000000800365c                _malloc_usable_size_r
 .text.__retarget_lock_acquire_recursive
                0x000000000800366c        0x2 d:/vxl/stm32/stm32cubeide_1.7.0/stm32cubeide/plugins/com.st.stm32cube.ide.mcu.externaltools.gnu-tools-for-stm32.9-2020-q2-update.win32_2.0.0.202105311346/tools/bin/../lib/gcc/arm-none-eabi/9.3.1/../../../../arm-none-eabi/lib/thumb/v7-m/nofp\libc_nano.a(lib_a-lock.o)
                0x000000000800366c                __retarget_lock_acquire_recursive
 .text.__retarget_lock_release_recursive
                0x000000000800366e        0x2 d:/vxl/stm32/stm32cubeide_1.7.0/stm32cubeide/plugins/com.st.stm32cube.ide.mcu.externaltools.gnu-tools-for-stm32.9-2020-q2-update.win32_2.0.0.202105311346/tools/bin/../lib/gcc/arm-none-eabi/9.3.1/../../../../arm-none-eabi/lib/thumb/v7-m/nofp\libc_nano.a(lib_a-lock.o)
                0x000000000800366e                __retarget_lock_release_recursive
 *(.glue_7)
 .glue_7        0x0000000008003670        0x0 linker stubs
 *(.glue_7t)
 .glue_7t       0x0000000008003670        0x0 linker stubs
 *(.eh_frame)
 .eh_frame      0x0000000008003670        0x0 d:/vxl/stm32/stm32cubeide_1.7.0/stm32cubeide/plugins/com.st.stm32cube.ide.mcu.externaltools.gnu-tools-for-stm32.9-2020-q2-update.win32_2.0.0.202105311346/tools/bin/../lib/gcc/arm-none-eabi/9.3.1/thumb/v7-m/nofp/crtbegin.o
 *(.init)
 .init          0x0000000008003670        0x4 d:/vxl/stm32/stm32cubeide_1.7.0/stm32cubeide/plugins/com.st.stm32cube.ide.mcu.externaltools.gnu-tools-for-stm32.9-2020-q2-update.win32_2.0.0.202105311346/tools/bin/../lib/gcc/arm-none-eabi/9.3.1/thumb/v7-m/nofp/crti.o
                0x0000000008003670                _init
 .init          0x0000000008003674        0x8 d:/vxl/stm32/stm32cubeide_1.7.0/stm32cubeide/plugins/com.st.stm32cube.ide.mcu.externaltools.gnu-tools-for-stm32.9-2020-q2-update.win32_2.0.0.202105311346/tools/bin/../lib/gcc/arm-none-eabi/9.3.1/thumb/v7-m/nofp/crtn.o
 *(.fini)
 .fini          0x000000000800367c        0x4 d:/vxl/stm32/stm32cubeide_1.7.0/stm32cubeide/plugins/com.st.stm32cube.ide.mcu.externaltools.gnu-tools-for-stm32.9-2020-q2-update.win32_2.0.0.202105311346/tools/bin/../lib/gcc/arm-none-eabi/9.3.1/thumb/v7-m/nofp/crti.o
                0x000000000800367c                _fini
 .fini          0x0000000008003680        0x8 d:/vxl/stm32/stm32cubeide_1.7.0/stm32cubeide/plugins/com.st.stm32cube.ide.mcu.externaltools.gnu-tools-for-stm32.9-2020-q2-update.win32_2.0.0.202105311346/tools/bin/../lib/gcc/arm-none-eabi/9.3.1/thumb/v7-m/nofp/crtn.o
                0x0000000008003688                . = ALIGN (0x4)
                0x0000000008003688                _etext = .

.vfp11_veneer   0x0000000008003688        0x0
 .vfp11_veneer  0x0000000008003688        0x0 linker stubs

.v4_bx          0x0000000008003688        0x0
 .v4_bx         0x0000000008003688        0x0 linker stubs

.iplt           0x0000000008003688        0x0
 .iplt          0x0000000008003688        0x0 d:/vxl/stm32/stm32cubeide_1.7.0/stm32cubeide/plugins/com.st.stm32cube.ide.mcu.externaltools.gnu-tools-for-stm32.9-2020-q2-update.win32_2.0.0.202105311346/tools/bin/../lib/gcc/arm-none-eabi/9.3.1/thumb/v7-m/nofp/crtbegin.o

.rodata         0x0000000008003688       0x84
                0x0000000008003688                . = ALIGN (0x4)
 *(.rodata)
 .rodata        0x0000000008003688        0xd ./Core/Src/command_parser_fsm.o
 *fill*         0x0000000008003695        0x3 
 .rodata        0x0000000008003698        0x3 ./Core/Src/main.o
 *fill*         0x000000000800369b        0x1 
 .rodata        0x000000000800369c        0xd ./Core/Src/uart_communiation_fsm.o
 *(.rodata*)
 *fill*         0x00000000080036a9        0x3 
 .rodata.AHBPrescTable
                0x00000000080036ac       0x10 ./Core/Src/system_stm32f1xx.o
                0x00000000080036ac                AHBPrescTable
 .rodata.APBPrescTable
                0x00000000080036bc        0x8 ./Core/Src/system_stm32f1xx.o
                0x00000000080036bc                APBPrescTable
 .rodata.aPLLMULFactorTable.5801
                0x00000000080036c4       0x10 ./Drivers/STM32F1xx_HAL_Driver/Src/stm32f1xx_hal_rcc.o
 .rodata.aPredivFactorTable.5802
                0x00000000080036d4        0x2 ./Drivers/STM32F1xx_HAL_Driver/Src/stm32f1xx_hal_rcc.o
 .rodata._svfprintf_r.str1.1
                0x00000000080036d6       0x11 d:/vxl/stm32/stm32cubeide_1.7.0/stm32cubeide/plugins/com.st.stm32cube.ide.mcu.externaltools.gnu-tools-for-stm32.9-2020-q2-update.win32_2.0.0.202105311346/tools/bin/../lib/gcc/arm-none-eabi/9.3.1/../../../../arm-none-eabi/lib/thumb/v7-m/nofp\libc_nano.a(lib_a-nano-svfprintf.o)
 .rodata._printf_i.str1.1
                0x00000000080036e7       0x22 d:/vxl/stm32/stm32cubeide_1.7.0/stm32cubeide/plugins/com.st.stm32cube.ide.mcu.externaltools.gnu-tools-for-stm32.9-2020-q2-update.win32_2.0.0.202105311346/tools/bin/../lib/gcc/arm-none-eabi/9.3.1/../../../../arm-none-eabi/lib/thumb/v7-m/nofp\libc_nano.a(lib_a-nano-vfprintf_i.o)
                0x000000000800370c                . = ALIGN (0x4)
 *fill*         0x0000000008003709        0x3 

.rel.dyn        0x000000000800370c        0x0
 .rel.iplt      0x000000000800370c        0x0 d:/vxl/stm32/stm32cubeide_1.7.0/stm32cubeide/plugins/com.st.stm32cube.ide.mcu.externaltools.gnu-tools-for-stm32.9-2020-q2-update.win32_2.0.0.202105311346/tools/bin/../lib/gcc/arm-none-eabi/9.3.1/thumb/v7-m/nofp/crtbegin.o

.ARM.extab      0x000000000800370c        0x0
                0x000000000800370c                . = ALIGN (0x4)
 *(.ARM.extab* .gnu.linkonce.armextab.*)
                0x000000000800370c                . = ALIGN (0x4)

.ARM            0x000000000800370c        0x0
                0x000000000800370c                . = ALIGN (0x4)
                0x000000000800370c                __exidx_start = .
 *(.ARM.exidx*)
                0x000000000800370c                __exidx_end = .
                0x000000000800370c                . = ALIGN (0x4)

.preinit_array  0x000000000800370c        0x0
                0x000000000800370c                . = ALIGN (0x4)
                0x000000000800370c                PROVIDE (__preinit_array_start = .)
 *(.preinit_array*)
                0x000000000800370c                PROVIDE (__preinit_array_end = .)
                0x000000000800370c                . = ALIGN (0x4)

.init_array     0x000000000800370c        0x4
                0x000000000800370c                . = ALIGN (0x4)
                0x000000000800370c                PROVIDE (__init_array_start = .)
 *(SORT_BY_NAME(.init_array.*))
 *(.init_array*)
 .init_array    0x000000000800370c        0x4 d:/vxl/stm32/stm32cubeide_1.7.0/stm32cubeide/plugins/com.st.stm32cube.ide.mcu.externaltools.gnu-tools-for-stm32.9-2020-q2-update.win32_2.0.0.202105311346/tools/bin/../lib/gcc/arm-none-eabi/9.3.1/thumb/v7-m/nofp/crtbegin.o
                0x0000000008003710                PROVIDE (__init_array_end = .)
                0x0000000008003710                . = ALIGN (0x4)

.fini_array     0x0000000008003710        0x4
                0x0000000008003710                . = ALIGN (0x4)
                [!provide]                        PROVIDE (__fini_array_start = .)
 *(SORT_BY_NAME(.fini_array.*))
 *(.fini_array*)
 .fini_array    0x0000000008003710        0x4 d:/vxl/stm32/stm32cubeide_1.7.0/stm32cubeide/plugins/com.st.stm32cube.ide.mcu.externaltools.gnu-tools-for-stm32.9-2020-q2-update.win32_2.0.0.202105311346/tools/bin/../lib/gcc/arm-none-eabi/9.3.1/thumb/v7-m/nofp/crtbegin.o
                [!provide]                        PROVIDE (__fini_array_end = .)
                0x0000000008003714                . = ALIGN (0x4)
                0x0000000008003714                _sidata = LOADADDR (.data)

.data           0x0000000020000000       0x70 load address 0x0000000008003714
                0x0000000020000000                . = ALIGN (0x4)
                0x0000000020000000                _sdata = .
 *(.data)
 *(.data*)
 .data.SystemCoreClock
                0x0000000020000000        0x4 ./Core/Src/system_stm32f1xx.o
                0x0000000020000000                SystemCoreClock
 .data.uwTickPrio
                0x0000000020000004        0x4 ./Drivers/STM32F1xx_HAL_Driver/Src/stm32f1xx_hal.o
                0x0000000020000004                uwTickPrio
 .data.uwTickFreq
                0x0000000020000008        0x1 ./Drivers/STM32F1xx_HAL_Driver/Src/stm32f1xx_hal.o
                0x0000000020000008                uwTickFreq
 *fill*         0x0000000020000009        0x3 
 .data._impure_ptr
                0x000000002000000c        0x4 d:/vxl/stm32/stm32cubeide_1.7.0/stm32cubeide/plugins/com.st.stm32cube.ide.mcu.externaltools.gnu-tools-for-stm32.9-2020-q2-update.win32_2.0.0.202105311346/tools/bin/../lib/gcc/arm-none-eabi/9.3.1/../../../../arm-none-eabi/lib/thumb/v7-m/nofp\libc_nano.a(lib_a-impure.o)
                0x000000002000000c                _impure_ptr
 .data.impure_data
                0x0000000020000010       0x60 d:/vxl/stm32/stm32cubeide_1.7.0/stm32cubeide/plugins/com.st.stm32cube.ide.mcu.externaltools.gnu-tools-for-stm32.9-2020-q2-update.win32_2.0.0.202105311346/tools/bin/../lib/gcc/arm-none-eabi/9.3.1/../../../../arm-none-eabi/lib/thumb/v7-m/nofp\libc_nano.a(lib_a-impure.o)
 *(.RamFunc)
 *(.RamFunc*)
                0x0000000020000070                . = ALIGN (0x4)
                0x0000000020000070                _edata = .

.igot.plt       0x0000000020000070        0x0 load address 0x0000000008003784
 .igot.plt      0x0000000020000070        0x0 d:/vxl/stm32/stm32cubeide_1.7.0/stm32cubeide/plugins/com.st.stm32cube.ide.mcu.externaltools.gnu-tools-for-stm32.9-2020-q2-update.win32_2.0.0.202105311346/tools/bin/../lib/gcc/arm-none-eabi/9.3.1/thumb/v7-m/nofp/crtbegin.o
                0x0000000020000070                . = ALIGN (0x4)

.bss            0x0000000020000070      0x190 load address 0x0000000008003784
                0x0000000020000070                _sbss = .
                0x0000000020000070                __bss_start__ = _sbss
 *(.bss)
 .bss           0x0000000020000070       0x1c d:/vxl/stm32/stm32cubeide_1.7.0/stm32cubeide/plugins/com.st.stm32cube.ide.mcu.externaltools.gnu-tools-for-stm32.9-2020-q2-update.win32_2.0.0.202105311346/tools/bin/../lib/gcc/arm-none-eabi/9.3.1/thumb/v7-m/nofp/crtbegin.o
 *(.bss*)
 .bss.approve   0x000000002000008c        0x4 ./Core/Src/command_parser_fsm.o
                0x000000002000008c                approve
 .bss.run       0x0000000020000090        0x1 ./Core/Src/command_parser_fsm.o
                0x0000000020000090                run
 .bss.temp      0x0000000020000091        0x1 ./Core/Src/main.o
                0x0000000020000091                temp
 .bss.index_buffer
                0x0000000020000092        0x1 ./Core/Src/main.o
                0x0000000020000092                index_buffer
 .bss.buffer_flag
                0x0000000020000093        0x1 ./Core/Src/main.o
                0x0000000020000093                buffer_flag
 .bss.__sbrk_heap_end
                0x0000000020000094        0x4 ./Core/Src/sysmem.o
 .bss.last      0x0000000020000098        0x4 ./Core/Src/uart_communiation_fsm.o
                0x0000000020000098                last
 .bss.ADC_value
                0x000000002000009c        0x4 ./Core/Src/uart_communiation_fsm.o
                0x000000002000009c                ADC_value
 .bss.str       0x00000000200000a0       0x64 ./Core/Src/uart_communiation_fsm.o
 .bss.__malloc_free_list
                0x0000000020000104        0x4 d:/vxl/stm32/stm32cubeide_1.7.0/stm32cubeide/plugins/com.st.stm32cube.ide.mcu.externaltools.gnu-tools-for-stm32.9-2020-q2-update.win32_2.0.0.202105311346/tools/bin/../lib/gcc/arm-none-eabi/9.3.1/../../../../arm-none-eabi/lib/thumb/v7-m/nofp\libc_nano.a(lib_a-nano-mallocr.o)
                0x0000000020000104                __malloc_free_list
 .bss.__malloc_sbrk_start
                0x0000000020000108        0x4 d:/vxl/stm32/stm32cubeide_1.7.0/stm32cubeide/plugins/com.st.stm32cube.ide.mcu.externaltools.gnu-tools-for-stm32.9-2020-q2-update.win32_2.0.0.202105311346/tools/bin/../lib/gcc/arm-none-eabi/9.3.1/../../../../arm-none-eabi/lib/thumb/v7-m/nofp\libc_nano.a(lib_a-nano-mallocr.o)
                0x0000000020000108                __malloc_sbrk_start
 *(COMMON)
 COMMON         0x000000002000010c       0xe0 ./Core/Src/main.o
                0x000000002000010c                hadc1
                0x000000002000013c                huart1
                0x0000000020000184                buffer
                0x00000000200001a4                huart2
 COMMON         0x00000000200001ec        0x4 ./Drivers/STM32F1xx_HAL_Driver/Src/stm32f1xx_hal.o
                0x00000000200001ec                uwTick
 COMMON         0x00000000200001f0        0x4 d:/vxl/stm32/stm32cubeide_1.7.0/stm32cubeide/plugins/com.st.stm32cube.ide.mcu.externaltools.gnu-tools-for-stm32.9-2020-q2-update.win32_2.0.0.202105311346/tools/bin/../lib/gcc/arm-none-eabi/9.3.1/../../../../arm-none-eabi/lib/thumb/v7-m/nofp\libc_nano.a(lib_a-reent.o)
                0x00000000200001f0                errno
 COMMON         0x00000000200001f4        0x9 d:/vxl/stm32/stm32cubeide_1.7.0/stm32cubeide/plugins/com.st.stm32cube.ide.mcu.externaltools.gnu-tools-for-stm32.9-2020-q2-update.win32_2.0.0.202105311346/tools/bin/../lib/gcc/arm-none-eabi/9.3.1/../../../../arm-none-eabi/lib/thumb/v7-m/nofp\libc_nano.a(lib_a-lock.o)
                0x00000000200001f4                __lock___atexit_recursive_mutex
                0x00000000200001f5                __lock___arc4random_mutex
                0x00000000200001f6                __lock___env_recursive_mutex
                0x00000000200001f7                __lock___sinit_recursive_mutex
                0x00000000200001f8                __lock___malloc_recursive_mutex
                0x00000000200001f9                __lock___at_quick_exit_mutex
                0x00000000200001fa                __lock___dd_hash_mutex
                0x00000000200001fb                __lock___tz_mutex
                0x00000000200001fc                __lock___sfp_recursive_mutex
                0x0000000020000200                . = ALIGN (0x4)
 *fill*         0x00000000200001fd        0x3 
                0x0000000020000200                _ebss = .
                0x0000000020000200                __bss_end__ = _ebss

._user_heap_stack
                0x0000000020000200      0x600 load address 0x0000000008003784
                0x0000000020000200                . = ALIGN (0x8)
                [!provide]                        PROVIDE (end = .)
                0x0000000020000200                PROVIDE (_end = .)
                0x0000000020000400                . = (. + _Min_Heap_Size)
 *fill*         0x0000000020000200      0x200 
                0x0000000020000800                . = (. + _Min_Stack_Size)
 *fill*         0x0000000020000400      0x400 
                0x0000000020000800                . = ALIGN (0x8)

/DISCARD/
 libc.a(*)
 libm.a(*)
 libgcc.a(*)

.ARM.attributes
                0x0000000000000000       0x29
 *(.ARM.attributes)
 .ARM.attributes
                0x0000000000000000       0x1d d:/vxl/stm32/stm32cubeide_1.7.0/stm32cubeide/plugins/com.st.stm32cube.ide.mcu.externaltools.gnu-tools-for-stm32.9-2020-q2-update.win32_2.0.0.202105311346/tools/bin/../lib/gcc/arm-none-eabi/9.3.1/thumb/v7-m/nofp/crti.o
 .ARM.attributes
                0x000000000000001d       0x2d d:/vxl/stm32/stm32cubeide_1.7.0/stm32cubeide/plugins/com.st.stm32cube.ide.mcu.externaltools.gnu-tools-for-stm32.9-2020-q2-update.win32_2.0.0.202105311346/tools/bin/../lib/gcc/arm-none-eabi/9.3.1/thumb/v7-m/nofp/crtbegin.o
 .ARM.attributes
                0x000000000000004a       0x2d ./Core/Src/command_parser_fsm.o
 .ARM.attributes
                0x0000000000000077       0x2d ./Core/Src/main.o
 .ARM.attributes
                0x00000000000000a4       0x2d ./Core/Src/stm32f1xx_hal_msp.o
 .ARM.attributes
                0x00000000000000d1       0x2d ./Core/Src/stm32f1xx_it.o
 .ARM.attributes
                0x00000000000000fe       0x2d ./Core/Src/sysmem.o
 .ARM.attributes
                0x000000000000012b       0x2d ./Core/Src/system_stm32f1xx.o
 .ARM.attributes
                0x0000000000000158       0x2d ./Core/Src/uart_communiation_fsm.o
 .ARM.attributes
                0x0000000000000185       0x21 ./Core/Startup/startup_stm32f103c6ux.o
 .ARM.attributes
                0x00000000000001a6       0x2d ./Drivers/STM32F1xx_HAL_Driver/Src/stm32f1xx_hal.o
 .ARM.attributes
                0x00000000000001d3       0x2d ./Drivers/STM32F1xx_HAL_Driver/Src/stm32f1xx_hal_adc.o
 .ARM.attributes
                0x0000000000000200       0x2d ./Drivers/STM32F1xx_HAL_Driver/Src/stm32f1xx_hal_cortex.o
 .ARM.attributes
                0x000000000000022d       0x2d ./Drivers/STM32F1xx_HAL_Driver/Src/stm32f1xx_hal_dma.o
 .ARM.attributes
                0x000000000000025a       0x2d ./Drivers/STM32F1xx_HAL_Driver/Src/stm32f1xx_hal_gpio.o
 .ARM.attributes
                0x0000000000000287       0x2d ./Drivers/STM32F1xx_HAL_Driver/Src/stm32f1xx_hal_rcc.o
 .ARM.attributes
                0x00000000000002b4       0x2d ./Drivers/STM32F1xx_HAL_Driver/Src/stm32f1xx_hal_rcc_ex.o
 .ARM.attributes
                0x00000000000002e1       0x2d ./Drivers/STM32F1xx_HAL_Driver/Src/stm32f1xx_hal_uart.o
 .ARM.attributes
                0x000000000000030e       0x2d d:/vxl/stm32/stm32cubeide_1.7.0/stm32cubeide/plugins/com.st.stm32cube.ide.mcu.externaltools.gnu-tools-for-stm32.9-2020-q2-update.win32_2.0.0.202105311346/tools/bin/../lib/gcc/arm-none-eabi/9.3.1/../../../../arm-none-eabi/lib/thumb/v7-m/nofp\libc_nano.a(lib_a-errno.o)
 .ARM.attributes
                0x000000000000033b       0x2d d:/vxl/stm32/stm32cubeide_1.7.0/stm32cubeide/plugins/com.st.stm32cube.ide.mcu.externaltools.gnu-tools-for-stm32.9-2020-q2-update.win32_2.0.0.202105311346/tools/bin/../lib/gcc/arm-none-eabi/9.3.1/../../../../arm-none-eabi/lib/thumb/v7-m/nofp\libc_nano.a(lib_a-impure.o)
 .ARM.attributes
                0x0000000000000368       0x2d d:/vxl/stm32/stm32cubeide_1.7.0/stm32cubeide/plugins/com.st.stm32cube.ide.mcu.externaltools.gnu-tools-for-stm32.9-2020-q2-update.win32_2.0.0.202105311346/tools/bin/../lib/gcc/arm-none-eabi/9.3.1/../../../../arm-none-eabi/lib/thumb/v7-m/nofp\libc_nano.a(lib_a-init.o)
 .ARM.attributes
                0x0000000000000395       0x2d d:/vxl/stm32/stm32cubeide_1.7.0/stm32cubeide/plugins/com.st.stm32cube.ide.mcu.externaltools.gnu-tools-for-stm32.9-2020-q2-update.win32_2.0.0.202105311346/tools/bin/../lib/gcc/arm-none-eabi/9.3.1/../../../../arm-none-eabi/lib/thumb/v7-m/nofp\libc_nano.a(lib_a-memset.o)
 .ARM.attributes
                0x00000000000003c2       0x2d d:/vxl/stm32/stm32cubeide_1.7.0/stm32cubeide/plugins/com.st.stm32cube.ide.mcu.externaltools.gnu-tools-for-stm32.9-2020-q2-update.win32_2.0.0.202105311346/tools/bin/../lib/gcc/arm-none-eabi/9.3.1/../../../../arm-none-eabi/lib/thumb/v7-m/nofp\libc_nano.a(lib_a-sprintf.o)
 .ARM.attributes
                0x00000000000003ef       0x1b d:/vxl/stm32/stm32cubeide_1.7.0/stm32cubeide/plugins/com.st.stm32cube.ide.mcu.externaltools.gnu-tools-for-stm32.9-2020-q2-update.win32_2.0.0.202105311346/tools/bin/../lib/gcc/arm-none-eabi/9.3.1/../../../../arm-none-eabi/lib/thumb/v7-m/nofp\libc_nano.a(lib_a-strcmp.o)
 .ARM.attributes
                0x000000000000040a       0x2d d:/vxl/stm32/stm32cubeide_1.7.0/stm32cubeide/plugins/com.st.stm32cube.ide.mcu.externaltools.gnu-tools-for-stm32.9-2020-q2-update.win32_2.0.0.202105311346/tools/bin/../lib/gcc/arm-none-eabi/9.3.1/../../../../arm-none-eabi/lib/thumb/v7-m/nofp\libc_nano.a(lib_a-nano-svfprintf.o)
 .ARM.attributes
                0x0000000000000437       0x2d d:/vxl/stm32/stm32cubeide_1.7.0/stm32cubeide/plugins/com.st.stm32cube.ide.mcu.externaltools.gnu-tools-for-stm32.9-2020-q2-update.win32_2.0.0.202105311346/tools/bin/../lib/gcc/arm-none-eabi/9.3.1/../../../../arm-none-eabi/lib/thumb/v7-m/nofp\libc_nano.a(lib_a-nano-vfprintf_i.o)
 .ARM.attributes
                0x0000000000000464       0x2d d:/vxl/stm32/stm32cubeide_1.7.0/stm32cubeide/plugins/com.st.stm32cube.ide.mcu.externaltools.gnu-tools-for-stm32.9-2020-q2-update.win32_2.0.0.202105311346/tools/bin/../lib/gcc/arm-none-eabi/9.3.1/../../../../arm-none-eabi/lib/thumb/v7-m/nofp\libc_nano.a(lib_a-memchr-stub.o)
 .ARM.attributes
                0x0000000000000491       0x2d d:/vxl/stm32/stm32cubeide_1.7.0/stm32cubeide/plugins/com.st.stm32cube.ide.mcu.externaltools.gnu-tools-for-stm32.9-2020-q2-update.win32_2.0.0.202105311346/tools/bin/../lib/gcc/arm-none-eabi/9.3.1/../../../../arm-none-eabi/lib/thumb/v7-m/nofp\libc_nano.a(lib_a-memcpy-stub.o)
 .ARM.attributes
                0x00000000000004be       0x2d d:/vxl/stm32/stm32cubeide_1.7.0/stm32cubeide/plugins/com.st.stm32cube.ide.mcu.externaltools.gnu-tools-for-stm32.9-2020-q2-update.win32_2.0.0.202105311346/tools/bin/../lib/gcc/arm-none-eabi/9.3.1/../../../../arm-none-eabi/lib/thumb/v7-m/nofp\libc_nano.a(lib_a-memmove.o)
 .ARM.attributes
                0x00000000000004eb       0x2d d:/vxl/stm32/stm32cubeide_1.7.0/stm32cubeide/plugins/com.st.stm32cube.ide.mcu.externaltools.gnu-tools-for-stm32.9-2020-q2-update.win32_2.0.0.202105311346/tools/bin/../lib/gcc/arm-none-eabi/9.3.1/../../../../arm-none-eabi/lib/thumb/v7-m/nofp\libc_nano.a(lib_a-nano-freer.o)
 .ARM.attributes
                0x0000000000000518       0x2d d:/vxl/stm32/stm32cubeide_1.7.0/stm32cubeide/plugins/com.st.stm32cube.ide.mcu.externaltools.gnu-tools-for-stm32.9-2020-q2-update.win32_2.0.0.202105311346/tools/bin/../lib/gcc/arm-none-eabi/9.3.1/../../../../arm-none-eabi/lib/thumb/v7-m/nofp\libc_nano.a(lib_a-nano-mallocr.o)
 .ARM.attributes
                0x0000000000000545       0x2d d:/vxl/stm32/stm32cubeide_1.7.0/stm32cubeide/plugins/com.st.stm32cube.ide.mcu.externaltools.gnu-tools-for-stm32.9-2020-q2-update.win32_2.0.0.202105311346/tools/bin/../lib/gcc/arm-none-eabi/9.3.1/../../../../arm-none-eabi/lib/thumb/v7-m/nofp\libc_nano.a(lib_a-nano-reallocr.o)
 .ARM.attributes
                0x0000000000000572       0x2d d:/vxl/stm32/stm32cubeide_1.7.0/stm32cubeide/plugins/com.st.stm32cube.ide.mcu.externaltools.gnu-tools-for-stm32.9-2020-q2-update.win32_2.0.0.202105311346/tools/bin/../lib/gcc/arm-none-eabi/9.3.1/../../../../arm-none-eabi/lib/thumb/v7-m/nofp\libc_nano.a(lib_a-sbrkr.o)
 .ARM.attributes
                0x000000000000059f       0x2d d:/vxl/stm32/stm32cubeide_1.7.0/stm32cubeide/plugins/com.st.stm32cube.ide.mcu.externaltools.gnu-tools-for-stm32.9-2020-q2-update.win32_2.0.0.202105311346/tools/bin/../lib/gcc/arm-none-eabi/9.3.1/../../../../arm-none-eabi/lib/thumb/v7-m/nofp\libc_nano.a(lib_a-mlock.o)
 .ARM.attributes
                0x00000000000005cc       0x2d d:/vxl/stm32/stm32cubeide_1.7.0/stm32cubeide/plugins/com.st.stm32cube.ide.mcu.externaltools.gnu-tools-for-stm32.9-2020-q2-update.win32_2.0.0.202105311346/tools/bin/../lib/gcc/arm-none-eabi/9.3.1/../../../../arm-none-eabi/lib/thumb/v7-m/nofp\libc_nano.a(lib_a-nano-msizer.o)
 .ARM.attributes
                0x00000000000005f9       0x2d d:/vxl/stm32/stm32cubeide_1.7.0/stm32cubeide/plugins/com.st.stm32cube.ide.mcu.externaltools.gnu-tools-for-stm32.9-2020-q2-update.win32_2.0.0.202105311346/tools/bin/../lib/gcc/arm-none-eabi/9.3.1/../../../../arm-none-eabi/lib/thumb/v7-m/nofp\libc_nano.a(lib_a-reent.o)
 .ARM.attributes
                0x0000000000000626       0x2d d:/vxl/stm32/stm32cubeide_1.7.0/stm32cubeide/plugins/com.st.stm32cube.ide.mcu.externaltools.gnu-tools-for-stm32.9-2020-q2-update.win32_2.0.0.202105311346/tools/bin/../lib/gcc/arm-none-eabi/9.3.1/../../../../arm-none-eabi/lib/thumb/v7-m/nofp\libc_nano.a(lib_a-lock.o)
 .ARM.attributes
                0x0000000000000653       0x1d d:/vxl/stm32/stm32cubeide_1.7.0/stm32cubeide/plugins/com.st.stm32cube.ide.mcu.externaltools.gnu-tools-for-stm32.9-2020-q2-update.win32_2.0.0.202105311346/tools/bin/../lib/gcc/arm-none-eabi/9.3.1/thumb/v7-m/nofp/crtn.o
OUTPUT(LAB_6.elf elf32-littlearm)
LOAD linker stubs
LOAD d:/vxl/stm32/stm32cubeide_1.7.0/stm32cubeide/plugins/com.st.stm32cube.ide.mcu.externaltools.gnu-tools-for-stm32.9-2020-q2-update.win32_2.0.0.202105311346/tools/bin/../lib/gcc/arm-none-eabi/9.3.1/../../../../arm-none-eabi/lib/thumb/v7-m/nofp\libc.a
LOAD d:/vxl/stm32/stm32cubeide_1.7.0/stm32cubeide/plugins/com.st.stm32cube.ide.mcu.externaltools.gnu-tools-for-stm32.9-2020-q2-update.win32_2.0.0.202105311346/tools/bin/../lib/gcc/arm-none-eabi/9.3.1/../../../../arm-none-eabi/lib/thumb/v7-m/nofp\libm.a
LOAD d:/vxl/stm32/stm32cubeide_1.7.0/stm32cubeide/plugins/com.st.stm32cube.ide.mcu.externaltools.gnu-tools-for-stm32.9-2020-q2-update.win32_2.0.0.202105311346/tools/bin/../lib/gcc/arm-none-eabi/9.3.1/thumb/v7-m/nofp\libgcc.a

.debug_info     0x0000000000000000     0xc948
 .debug_info    0x0000000000000000     0x1191 ./Core/Src/command_parser_fsm.o
 .debug_info    0x0000000000001191     0x169a ./Core/Src/main.o
 .debug_info    0x000000000000282b      0xd18 ./Core/Src/stm32f1xx_hal_msp.o
 .debug_info    0x0000000000003543      0x707 ./Core/Src/stm32f1xx_it.o
 .debug_info    0x0000000000003c4a      0xa25 ./Core/Src/sysmem.o
 .debug_info    0x000000000000466f      0x2be ./Core/Src/system_stm32f1xx.o
 .debug_info    0x000000000000492d     0x1231 ./Core/Src/uart_communiation_fsm.o
 .debug_info    0x0000000000005b5e       0x22 ./Core/Startup/startup_stm32f103c6ux.o
 .debug_info    0x0000000000005b80      0x74c ./Drivers/STM32F1xx_HAL_Driver/Src/stm32f1xx_hal.o
 .debug_info    0x00000000000062cc      0xd52 ./Drivers/STM32F1xx_HAL_Driver/Src/stm32f1xx_hal_adc.o
 .debug_info    0x000000000000701e      0xbbe ./Drivers/STM32F1xx_HAL_Driver/Src/stm32f1xx_hal_cortex.o
 .debug_info    0x0000000000007bdc      0x823 ./Drivers/STM32F1xx_HAL_Driver/Src/stm32f1xx_hal_dma.o
 .debug_info    0x00000000000083ff      0x701 ./Drivers/STM32F1xx_HAL_Driver/Src/stm32f1xx_hal_gpio.o
 .debug_info    0x0000000000008b00      0x893 ./Drivers/STM32F1xx_HAL_Driver/Src/stm32f1xx_hal_rcc.o
 .debug_info    0x0000000000009393      0x486 ./Drivers/STM32F1xx_HAL_Driver/Src/stm32f1xx_hal_rcc_ex.o
 .debug_info    0x0000000000009819     0x312f ./Drivers/STM32F1xx_HAL_Driver/Src/stm32f1xx_hal_uart.o

.debug_abbrev   0x0000000000000000     0x1f2b
 .debug_abbrev  0x0000000000000000      0x1e6 ./Core/Src/command_parser_fsm.o
 .debug_abbrev  0x00000000000001e6      0x308 ./Core/Src/main.o
 .debug_abbrev  0x00000000000004ee      0x1b5 ./Core/Src/stm32f1xx_hal_msp.o
 .debug_abbrev  0x00000000000006a3      0x163 ./Core/Src/stm32f1xx_it.o
 .debug_abbrev  0x0000000000000806      0x1bf ./Core/Src/sysmem.o
 .debug_abbrev  0x00000000000009c5      0x14e ./Core/Src/system_stm32f1xx.o
 .debug_abbrev  0x0000000000000b13      0x20a ./Core/Src/uart_communiation_fsm.o
 .debug_abbrev  0x0000000000000d1d       0x12 ./Core/Startup/startup_stm32f103c6ux.o
 .debug_abbrev  0x0000000000000d2f      0x1ed ./Drivers/STM32F1xx_HAL_Driver/Src/stm32f1xx_hal.o
 .debug_abbrev  0x0000000000000f1c      0x1fb ./Drivers/STM32F1xx_HAL_Driver/Src/stm32f1xx_hal_adc.o
 .debug_abbrev  0x0000000000001117      0x313 ./Drivers/STM32F1xx_HAL_Driver/Src/stm32f1xx_hal_cortex.o
 .debug_abbrev  0x000000000000142a      0x228 ./Drivers/STM32F1xx_HAL_Driver/Src/stm32f1xx_hal_dma.o
 .debug_abbrev  0x0000000000001652      0x1e8 ./Drivers/STM32F1xx_HAL_Driver/Src/stm32f1xx_hal_gpio.o
 .debug_abbrev  0x000000000000183a      0x273 ./Drivers/STM32F1xx_HAL_Driver/Src/stm32f1xx_hal_rcc.o
 .debug_abbrev  0x0000000000001aad      0x193 ./Drivers/STM32F1xx_HAL_Driver/Src/stm32f1xx_hal_rcc_ex.o
 .debug_abbrev  0x0000000000001c40      0x2eb ./Drivers/STM32F1xx_HAL_Driver/Src/stm32f1xx_hal_uart.o

.debug_aranges  0x0000000000000000      0x828
 .debug_aranges
                0x0000000000000000       0x20 ./Core/Src/command_parser_fsm.o
 .debug_aranges
                0x0000000000000020       0x58 ./Core/Src/main.o
 .debug_aranges
                0x0000000000000078       0x40 ./Core/Src/stm32f1xx_hal_msp.o
 .debug_aranges
                0x00000000000000b8       0x70 ./Core/Src/stm32f1xx_it.o
 .debug_aranges
                0x0000000000000128       0x20 ./Core/Src/sysmem.o
 .debug_aranges
                0x0000000000000148       0x28 ./Core/Src/system_stm32f1xx.o
 .debug_aranges
                0x0000000000000170       0x20 ./Core/Src/uart_communiation_fsm.o
 .debug_aranges
                0x0000000000000190       0x28 ./Core/Startup/startup_stm32f103c6ux.o
 .debug_aranges
                0x00000000000001b8       0xe0 ./Drivers/STM32F1xx_HAL_Driver/Src/stm32f1xx_hal.o
 .debug_aranges
                0x0000000000000298       0xf0 ./Drivers/STM32F1xx_HAL_Driver/Src/stm32f1xx_hal_adc.o
 .debug_aranges
                0x0000000000000388      0x100 ./Drivers/STM32F1xx_HAL_Driver/Src/stm32f1xx_hal_cortex.o
 .debug_aranges
                0x0000000000000488       0x80 ./Drivers/STM32F1xx_HAL_Driver/Src/stm32f1xx_hal_dma.o
 .debug_aranges
                0x0000000000000508       0x58 ./Drivers/STM32F1xx_HAL_Driver/Src/stm32f1xx_hal_gpio.o
 .debug_aranges
                0x0000000000000560       0x90 ./Drivers/STM32F1xx_HAL_Driver/Src/stm32f1xx_hal_rcc.o
 .debug_aranges
                0x00000000000005f0       0x30 ./Drivers/STM32F1xx_HAL_Driver/Src/stm32f1xx_hal_rcc_ex.o
 .debug_aranges
                0x0000000000000620      0x208 ./Drivers/STM32F1xx_HAL_Driver/Src/stm32f1xx_hal_uart.o

.debug_ranges   0x0000000000000000      0x760
 .debug_ranges  0x0000000000000000       0x10 ./Core/Src/command_parser_fsm.o
 .debug_ranges  0x0000000000000010       0x48 ./Core/Src/main.o
 .debug_ranges  0x0000000000000058       0x30 ./Core/Src/stm32f1xx_hal_msp.o
 .debug_ranges  0x0000000000000088       0x60 ./Core/Src/stm32f1xx_it.o
 .debug_ranges  0x00000000000000e8       0x10 ./Core/Src/sysmem.o
 .debug_ranges  0x00000000000000f8       0x18 ./Core/Src/system_stm32f1xx.o
 .debug_ranges  0x0000000000000110       0x10 ./Core/Src/uart_communiation_fsm.o
 .debug_ranges  0x0000000000000120       0x20 ./Core/Startup/startup_stm32f103c6ux.o
 .debug_ranges  0x0000000000000140       0xd0 ./Drivers/STM32F1xx_HAL_Driver/Src/stm32f1xx_hal.o
 .debug_ranges  0x0000000000000210       0xe0 ./Drivers/STM32F1xx_HAL_Driver/Src/stm32f1xx_hal_adc.o
 .debug_ranges  0x00000000000002f0       0xf0 ./Drivers/STM32F1xx_HAL_Driver/Src/stm32f1xx_hal_cortex.o
 .debug_ranges  0x00000000000003e0       0x70 ./Drivers/STM32F1xx_HAL_Driver/Src/stm32f1xx_hal_dma.o
 .debug_ranges  0x0000000000000450       0x48 ./Drivers/STM32F1xx_HAL_Driver/Src/stm32f1xx_hal_gpio.o
 .debug_ranges  0x0000000000000498       0x80 ./Drivers/STM32F1xx_HAL_Driver/Src/stm32f1xx_hal_rcc.o
 .debug_ranges  0x0000000000000518       0x20 ./Drivers/STM32F1xx_HAL_Driver/Src/stm32f1xx_hal_rcc_ex.o
 .debug_ranges  0x0000000000000538      0x228 ./Drivers/STM32F1xx_HAL_Driver/Src/stm32f1xx_hal_uart.o

.debug_macro    0x0000000000000000    0x17c24
 .debug_macro   0x0000000000000000      0x359 ./Core/Src/command_parser_fsm.o
 .debug_macro   0x0000000000000359      0xa9c ./Core/Src/command_parser_fsm.o
 .debug_macro   0x0000000000000df5       0x10 ./Core/Src/command_parser_fsm.o
 .debug_macro   0x0000000000000e05      0x21b ./Core/Src/command_parser_fsm.o
 .debug_macro   0x0000000000001020       0x2e ./Core/Src/command_parser_fsm.o
 .debug_macro   0x000000000000104e       0x22 ./Core/Src/command_parser_fsm.o
 .debug_macro   0x0000000000001070       0x22 ./Core/Src/command_parser_fsm.o
 .debug_macro   0x0000000000001092       0x8e ./Core/Src/command_parser_fsm.o
 .debug_macro   0x0000000000001120       0x51 ./Core/Src/command_parser_fsm.o
 .debug_macro   0x0000000000001171      0x103 ./Core/Src/command_parser_fsm.o
 .debug_macro   0x0000000000001274       0x6a ./Core/Src/command_parser_fsm.o
 .debug_macro   0x00000000000012de      0x1df ./Core/Src/command_parser_fsm.o
 .debug_macro   0x00000000000014bd       0x1c ./Core/Src/command_parser_fsm.o
 .debug_macro   0x00000000000014d9       0x22 ./Core/Src/command_parser_fsm.o
 .debug_macro   0x00000000000014fb       0xc3 ./Core/Src/command_parser_fsm.o
 .debug_macro   0x00000000000015be      0xd23 ./Core/Src/command_parser_fsm.o
 .debug_macro   0x00000000000022e1     0xde75 ./Core/Src/command_parser_fsm.o
 .debug_macro   0x0000000000010156       0x6d ./Core/Src/command_parser_fsm.o
 .debug_macro   0x00000000000101c3     0x34a2 ./Core/Src/command_parser_fsm.o
 .debug_macro   0x0000000000013665      0x174 ./Core/Src/command_parser_fsm.o
 .debug_macro   0x00000000000137d9       0x5c ./Core/Src/command_parser_fsm.o
 .debug_macro   0x0000000000013835      0x5bc ./Core/Src/command_parser_fsm.o
 .debug_macro   0x0000000000013df1      0x1b7 ./Core/Src/command_parser_fsm.o
 .debug_macro   0x0000000000013fa8      0x1cb ./Core/Src/command_parser_fsm.o
 .debug_macro   0x0000000000014173      0x114 ./Core/Src/command_parser_fsm.o
 .debug_macro   0x0000000000014287      0x1b2 ./Core/Src/command_parser_fsm.o
 .debug_macro   0x0000000000014439       0x27 ./Core/Src/command_parser_fsm.o
 .debug_macro   0x0000000000014460      0x12f ./Core/Src/command_parser_fsm.o
 .debug_macro   0x000000000001458f      0x1bc ./Core/Src/command_parser_fsm.o
 .debug_macro   0x000000000001474b       0x34 ./Core/Src/command_parser_fsm.o
 .debug_macro   0x000000000001477f       0x3c ./Core/Src/command_parser_fsm.o
 .debug_macro   0x00000000000147bb       0x57 ./Core/Src/command_parser_fsm.o
 .debug_macro   0x0000000000014812      0x46a ./Core/Src/command_parser_fsm.o
 .debug_macro   0x0000000000014c7c      0x1b5 ./Core/Src/command_parser_fsm.o
 .debug_macro   0x0000000000014e31       0x87 ./Core/Src/command_parser_fsm.o
 .debug_macro   0x0000000000014eb8      0x183 ./Core/Src/command_parser_fsm.o
 .debug_macro   0x000000000001503b      0x140 ./Core/Src/command_parser_fsm.o
 .debug_macro   0x000000000001517b      0x28e ./Core/Src/command_parser_fsm.o
 .debug_macro   0x0000000000015409       0x69 ./Core/Src/command_parser_fsm.o
 .debug_macro   0x0000000000015472       0x10 ./Core/Src/command_parser_fsm.o
 .debug_macro   0x0000000000015482       0x52 ./Core/Src/command_parser_fsm.o
 .debug_macro   0x00000000000154d4       0x18 ./Core/Src/command_parser_fsm.o
 .debug_macro   0x00000000000154ec       0x3c ./Core/Src/command_parser_fsm.o
 .debug_macro   0x0000000000015528       0x34 ./Core/Src/command_parser_fsm.o
 .debug_macro   0x000000000001555c       0x16 ./Core/Src/command_parser_fsm.o
 .debug_macro   0x0000000000015572       0x43 ./Core/Src/command_parser_fsm.o
 .debug_macro   0x00000000000155b5       0x34 ./Core/Src/command_parser_fsm.o
 .debug_macro   0x00000000000155e9       0x10 ./Core/Src/command_parser_fsm.o
 .debug_macro   0x00000000000155f9       0x58 ./Core/Src/command_parser_fsm.o
 .debug_macro   0x0000000000015651       0x71 ./Core/Src/command_parser_fsm.o
 .debug_macro   0x00000000000156c2       0x1c ./Core/Src/command_parser_fsm.o
 .debug_macro   0x00000000000156de      0x12a ./Core/Src/command_parser_fsm.o
 .debug_macro   0x0000000000015808      0x333 ./Core/Src/command_parser_fsm.o
 .debug_macro   0x0000000000015b3b       0x10 ./Core/Src/command_parser_fsm.o
 .debug_macro   0x0000000000015b4b       0x35 ./Core/Src/command_parser_fsm.o
 .debug_macro   0x0000000000015b80       0x20 ./Core/Src/command_parser_fsm.o
 .debug_macro   0x0000000000015ba0       0x1c ./Core/Src/command_parser_fsm.o
 .debug_macro   0x0000000000015bbc       0x10 ./Core/Src/command_parser_fsm.o
 .debug_macro   0x0000000000015bcc       0x10 ./Core/Src/command_parser_fsm.o
 .debug_macro   0x0000000000015bdc       0x1c ./Core/Src/command_parser_fsm.o
 .debug_macro   0x0000000000015bf8       0x52 ./Core/Src/command_parser_fsm.o
 .debug_macro   0x0000000000015c4a       0x22 ./Core/Src/command_parser_fsm.o
 .debug_macro   0x0000000000015c6c       0x10 ./Core/Src/command_parser_fsm.o
 .debug_macro   0x0000000000015c7c       0x40 ./Core/Src/command_parser_fsm.o
 .debug_macro   0x0000000000015cbc       0xd5 ./Core/Src/command_parser_fsm.o
 .debug_macro   0x0000000000015d91       0x1c ./Core/Src/command_parser_fsm.o
 .debug_macro   0x0000000000015dad       0x3d ./Core/Src/command_parser_fsm.o
 .debug_macro   0x0000000000015dea       0x16 ./Core/Src/command_parser_fsm.o
 .debug_macro   0x0000000000015e00      0x145 ./Core/Src/command_parser_fsm.o
 .debug_macro   0x0000000000015f45      0x35d ./Core/Src/main.o
 .debug_macro   0x00000000000162a2       0x16 ./Core/Src/main.o
 .debug_macro   0x00000000000162b8       0x16 ./Core/Src/main.o
 .debug_macro   0x00000000000162ce      0x1af ./Core/Src/stm32f1xx_hal_msp.o
 .debug_macro   0x000000000001647d      0x1b9 ./Core/Src/stm32f1xx_it.o
 .debug_macro   0x0000000000016636       0xff ./Core/Src/sysmem.o
 .debug_macro   0x0000000000016735      0x23b ./Core/Src/sysmem.o
 .debug_macro   0x0000000000016970      0x1a0 ./Core/Src/system_stm32f1xx.o
 .debug_macro   0x0000000000016b10      0x355 ./Core/Src/uart_communiation_fsm.o
 .debug_macro   0x0000000000016e65      0x1c4 ./Drivers/STM32F1xx_HAL_Driver/Src/stm32f1xx_hal.o
 .debug_macro   0x0000000000017029      0x1bd ./Drivers/STM32F1xx_HAL_Driver/Src/stm32f1xx_hal_adc.o
 .debug_macro   0x00000000000171e6      0x1a0 ./Drivers/STM32F1xx_HAL_Driver/Src/stm32f1xx_hal_cortex.o
 .debug_macro   0x0000000000017386      0x1a0 ./Drivers/STM32F1xx_HAL_Driver/Src/stm32f1xx_hal_dma.o
 .debug_macro   0x0000000000017526      0x20b ./Drivers/STM32F1xx_HAL_Driver/Src/stm32f1xx_hal_gpio.o
 .debug_macro   0x0000000000017731      0x1b2 ./Drivers/STM32F1xx_HAL_Driver/Src/stm32f1xx_hal_rcc.o
 .debug_macro   0x00000000000178e3      0x1a0 ./Drivers/STM32F1xx_HAL_Driver/Src/stm32f1xx_hal_rcc_ex.o
 .debug_macro   0x0000000000017a83      0x1a1 ./Drivers/STM32F1xx_HAL_Driver/Src/stm32f1xx_hal_uart.o

.debug_line     0x0000000000000000     0xb225
 .debug_line    0x0000000000000000      0x8fb ./Core/Src/command_parser_fsm.o
 .debug_line    0x00000000000008fb      0xad5 ./Core/Src/main.o
 .debug_line    0x00000000000013d0      0x771 ./Core/Src/stm32f1xx_hal_msp.o
 .debug_line    0x0000000000001b41      0x78b ./Core/Src/stm32f1xx_it.o
 .debug_line    0x00000000000022cc      0x51b ./Core/Src/sysmem.o
 .debug_line    0x00000000000027e7      0x717 ./Core/Src/system_stm32f1xx.o
 .debug_line    0x0000000000002efe      0x91e ./Core/Src/uart_communiation_fsm.o
 .debug_line    0x000000000000381c       0x86 ./Core/Startup/startup_stm32f103c6ux.o
 .debug_line    0x00000000000038a2      0x944 ./Drivers/STM32F1xx_HAL_Driver/Src/stm32f1xx_hal.o
 .debug_line    0x00000000000041e6      0xfc9 ./Drivers/STM32F1xx_HAL_Driver/Src/stm32f1xx_hal_adc.o
 .debug_line    0x00000000000051af      0xb2c ./Drivers/STM32F1xx_HAL_Driver/Src/stm32f1xx_hal_cortex.o
 .debug_line    0x0000000000005cdb      0xd9d ./Drivers/STM32F1xx_HAL_Driver/Src/stm32f1xx_hal_dma.o
 .debug_line    0x0000000000006a78      0x9c7 ./Drivers/STM32F1xx_HAL_Driver/Src/stm32f1xx_hal_gpio.o
 .debug_line    0x000000000000743f      0xd50 ./Drivers/STM32F1xx_HAL_Driver/Src/stm32f1xx_hal_rcc.o
 .debug_line    0x000000000000818f      0x88b ./Drivers/STM32F1xx_HAL_Driver/Src/stm32f1xx_hal_rcc_ex.o
 .debug_line    0x0000000000008a1a     0x280b ./Drivers/STM32F1xx_HAL_Driver/Src/stm32f1xx_hal_uart.o

.debug_str      0x0000000000000000    0x8570e
 .debug_str     0x0000000000000000    0x832bb ./Core/Src/command_parser_fsm.o
                                      0x8370c (size before relaxing)
 .debug_str     0x00000000000832bb      0x338 ./Core/Src/main.o
                                      0x83a18 (size before relaxing)
 .debug_str     0x00000000000835f3      0x2cf ./Core/Src/stm32f1xx_hal_msp.o
                                      0x7f8e0 (size before relaxing)
 .debug_str     0x00000000000838c2       0xe1 ./Core/Src/stm32f1xx_it.o
                                      0x7f4d3 (size before relaxing)
 .debug_str     0x00000000000839a3      0x4e9 ./Core/Src/sysmem.o
                                       0x623a (size before relaxing)
 .debug_str     0x0000000000083e8c       0x52 ./Core/Src/system_stm32f1xx.o
                                      0x7f058 (size before relaxing)
 .debug_str     0x0000000000083ede       0x3a ./Core/Src/uart_communiation_fsm.o
                                      0x8372e (size before relaxing)
 .debug_str     0x0000000000083f18       0x36 ./Core/Startup/startup_stm32f103c6ux.o
                                         0x4e (size before relaxing)
 .debug_str     0x0000000000083f4e      0x304 ./Drivers/STM32F1xx_HAL_Driver/Src/stm32f1xx_hal.o
                                      0x7f6af (size before relaxing)
 .debug_str     0x0000000000084252      0x359 ./Drivers/STM32F1xx_HAL_Driver/Src/stm32f1xx_hal_adc.o
                                      0x7f6ef (size before relaxing)
 .debug_str     0x00000000000845ab      0x300 ./Drivers/STM32F1xx_HAL_Driver/Src/stm32f1xx_hal_cortex.o
                                      0x7f6b7 (size before relaxing)
 .debug_str     0x00000000000848ab      0x230 ./Drivers/STM32F1xx_HAL_Driver/Src/stm32f1xx_hal_dma.o
                                      0x7f433 (size before relaxing)
 .debug_str     0x0000000000084adb      0x31f ./Drivers/STM32F1xx_HAL_Driver/Src/stm32f1xx_hal_gpio.o
                                      0x7f41c (size before relaxing)
 .debug_str     0x0000000000084dfa      0x24f ./Drivers/STM32F1xx_HAL_Driver/Src/stm32f1xx_hal_rcc.o
                                      0x7f455 (size before relaxing)
 .debug_str     0x0000000000085049       0xb9 ./Drivers/STM32F1xx_HAL_Driver/Src/stm32f1xx_hal_rcc_ex.o
                                      0x7f1e2 (size before relaxing)
 .debug_str     0x0000000000085102      0x60c ./Drivers/STM32F1xx_HAL_Driver/Src/stm32f1xx_hal_uart.o
                                      0x7faad (size before relaxing)

.comment        0x0000000000000000       0x53
 .comment       0x0000000000000000       0x53 ./Core/Src/command_parser_fsm.o
                                         0x54 (size before relaxing)
 .comment       0x0000000000000053       0x54 ./Core/Src/main.o
 .comment       0x0000000000000053       0x54 ./Core/Src/stm32f1xx_hal_msp.o
 .comment       0x0000000000000053       0x54 ./Core/Src/stm32f1xx_it.o
 .comment       0x0000000000000053       0x54 ./Core/Src/sysmem.o
 .comment       0x0000000000000053       0x54 ./Core/Src/system_stm32f1xx.o
 .comment       0x0000000000000053       0x54 ./Core/Src/uart_communiation_fsm.o
 .comment       0x0000000000000053       0x54 ./Drivers/STM32F1xx_HAL_Driver/Src/stm32f1xx_hal.o
 .comment       0x0000000000000053       0x54 ./Drivers/STM32F1xx_HAL_Driver/Src/stm32f1xx_hal_adc.o
 .comment       0x0000000000000053       0x54 ./Drivers/STM32F1xx_HAL_Driver/Src/stm32f1xx_hal_cortex.o
 .comment       0x0000000000000053       0x54 ./Drivers/STM32F1xx_HAL_Driver/Src/stm32f1xx_hal_dma.o
 .comment       0x0000000000000053       0x54 ./Drivers/STM32F1xx_HAL_Driver/Src/stm32f1xx_hal_gpio.o
 .comment       0x0000000000000053       0x54 ./Drivers/STM32F1xx_HAL_Driver/Src/stm32f1xx_hal_rcc.o
 .comment       0x0000000000000053       0x54 ./Drivers/STM32F1xx_HAL_Driver/Src/stm32f1xx_hal_rcc_ex.o
 .comment       0x0000000000000053       0x54 ./Drivers/STM32F1xx_HAL_Driver/Src/stm32f1xx_hal_uart.o

.debug_frame    0x0000000000000000     0x2318
 .debug_frame   0x0000000000000000       0x2c ./Core/Src/command_parser_fsm.o
 .debug_frame   0x000000000000002c      0x10c ./Core/Src/main.o
 .debug_frame   0x0000000000000138       0xc8 ./Core/Src/stm32f1xx_hal_msp.o
 .debug_frame   0x0000000000000200      0x13c ./Core/Src/stm32f1xx_it.o
 .debug_frame   0x000000000000033c       0x34 ./Core/Src/sysmem.o
 .debug_frame   0x0000000000000370       0x58 ./Core/Src/system_stm32f1xx.o
 .debug_frame   0x00000000000003c8       0x2c ./Core/Src/uart_communiation_fsm.o
 .debug_frame   0x00000000000003f4      0x334 ./Drivers/STM32F1xx_HAL_Driver/Src/stm32f1xx_hal.o
 .debug_frame   0x0000000000000728      0x40c ./Drivers/STM32F1xx_HAL_Driver/Src/stm32f1xx_hal_adc.o
 .debug_frame   0x0000000000000b34      0x428 ./Drivers/STM32F1xx_HAL_Driver/Src/stm32f1xx_hal_cortex.o
 .debug_frame   0x0000000000000f5c      0x208 ./Drivers/STM32F1xx_HAL_Driver/Src/stm32f1xx_hal_dma.o
 .debug_frame   0x0000000000001164      0x14c ./Drivers/STM32F1xx_HAL_Driver/Src/stm32f1xx_hal_gpio.o
 .debug_frame   0x00000000000012b0      0x218 ./Drivers/STM32F1xx_HAL_Driver/Src/stm32f1xx_hal_rcc.o
 .debug_frame   0x00000000000014c8       0x80 ./Drivers/STM32F1xx_HAL_Driver/Src/stm32f1xx_hal_rcc_ex.o
 .debug_frame   0x0000000000001548      0x944 ./Drivers/STM32F1xx_HAL_Driver/Src/stm32f1xx_hal_uart.o
 .debug_frame   0x0000000000001e8c       0x20 d:/vxl/stm32/stm32cubeide_1.7.0/stm32cubeide/plugins/com.st.stm32cube.ide.mcu.externaltools.gnu-tools-for-stm32.9-2020-q2-update.win32_2.0.0.202105311346/tools/bin/../lib/gcc/arm-none-eabi/9.3.1/../../../../arm-none-eabi/lib/thumb/v7-m/nofp\libc_nano.a(lib_a-errno.o)
 .debug_frame   0x0000000000001eac       0x2c d:/vxl/stm32/stm32cubeide_1.7.0/stm32cubeide/plugins/com.st.stm32cube.ide.mcu.externaltools.gnu-tools-for-stm32.9-2020-q2-update.win32_2.0.0.202105311346/tools/bin/../lib/gcc/arm-none-eabi/9.3.1/../../../../arm-none-eabi/lib/thumb/v7-m/nofp\libc_nano.a(lib_a-init.o)
 .debug_frame   0x0000000000001ed8       0x20 d:/vxl/stm32/stm32cubeide_1.7.0/stm32cubeide/plugins/com.st.stm32cube.ide.mcu.externaltools.gnu-tools-for-stm32.9-2020-q2-update.win32_2.0.0.202105311346/tools/bin/../lib/gcc/arm-none-eabi/9.3.1/../../../../arm-none-eabi/lib/thumb/v7-m/nofp\libc_nano.a(lib_a-memset.o)
 .debug_frame   0x0000000000001ef8       0x6c d:/vxl/stm32/stm32cubeide_1.7.0/stm32cubeide/plugins/com.st.stm32cube.ide.mcu.externaltools.gnu-tools-for-stm32.9-2020-q2-update.win32_2.0.0.202105311346/tools/bin/../lib/gcc/arm-none-eabi/9.3.1/../../../../arm-none-eabi/lib/thumb/v7-m/nofp\libc_nano.a(lib_a-sprintf.o)
 .debug_frame   0x0000000000001f64       0x20 d:/vxl/stm32/stm32cubeide_1.7.0/stm32cubeide/plugins/com.st.stm32cube.ide.mcu.externaltools.gnu-tools-for-stm32.9-2020-q2-update.win32_2.0.0.202105311346/tools/bin/../lib/gcc/arm-none-eabi/9.3.1/../../../../arm-none-eabi/lib/thumb/v7-m/nofp\libc_nano.a(lib_a-strcmp.o)
 .debug_frame   0x0000000000001f84       0x90 d:/vxl/stm32/stm32cubeide_1.7.0/stm32cubeide/plugins/com.st.stm32cube.ide.mcu.externaltools.gnu-tools-for-stm32.9-2020-q2-update.win32_2.0.0.202105311346/tools/bin/../lib/gcc/arm-none-eabi/9.3.1/../../../../arm-none-eabi/lib/thumb/v7-m/nofp\libc_nano.a(lib_a-nano-svfprintf.o)
 .debug_frame   0x0000000000002014       0x60 d:/vxl/stm32/stm32cubeide_1.7.0/stm32cubeide/plugins/com.st.stm32cube.ide.mcu.externaltools.gnu-tools-for-stm32.9-2020-q2-update.win32_2.0.0.202105311346/tools/bin/../lib/gcc/arm-none-eabi/9.3.1/../../../../arm-none-eabi/lib/thumb/v7-m/nofp\libc_nano.a(lib_a-nano-vfprintf_i.o)
 .debug_frame   0x0000000000002074       0x28 d:/vxl/stm32/stm32cubeide_1.7.0/stm32cubeide/plugins/com.st.stm32cube.ide.mcu.externaltools.gnu-tools-for-stm32.9-2020-q2-update.win32_2.0.0.202105311346/tools/bin/../lib/gcc/arm-none-eabi/9.3.1/../../../../arm-none-eabi/lib/thumb/v7-m/nofp\libc_nano.a(lib_a-memchr-stub.o)
 .debug_frame   0x000000000000209c       0x28 d:/vxl/stm32/stm32cubeide_1.7.0/stm32cubeide/plugins/com.st.stm32cube.ide.mcu.externaltools.gnu-tools-for-stm32.9-2020-q2-update.win32_2.0.0.202105311346/tools/bin/../lib/gcc/arm-none-eabi/9.3.1/../../../../arm-none-eabi/lib/thumb/v7-m/nofp\libc_nano.a(lib_a-memcpy-stub.o)
 .debug_frame   0x00000000000020c4       0x28 d:/vxl/stm32/stm32cubeide_1.7.0/stm32cubeide/plugins/com.st.stm32cube.ide.mcu.externaltools.gnu-tools-for-stm32.9-2020-q2-update.win32_2.0.0.202105311346/tools/bin/../lib/gcc/arm-none-eabi/9.3.1/../../../../arm-none-eabi/lib/thumb/v7-m/nofp\libc_nano.a(lib_a-memmove.o)
 .debug_frame   0x00000000000020ec       0x38 d:/vxl/stm32/stm32cubeide_1.7.0/stm32cubeide/plugins/com.st.stm32cube.ide.mcu.externaltools.gnu-tools-for-stm32.9-2020-q2-update.win32_2.0.0.202105311346/tools/bin/../lib/gcc/arm-none-eabi/9.3.1/../../../../arm-none-eabi/lib/thumb/v7-m/nofp\libc_nano.a(lib_a-nano-freer.o)
 .debug_frame   0x0000000000002124       0x30 d:/vxl/stm32/stm32cubeide_1.7.0/stm32cubeide/plugins/com.st.stm32cube.ide.mcu.externaltools.gnu-tools-for-stm32.9-2020-q2-update.win32_2.0.0.202105311346/tools/bin/../lib/gcc/arm-none-eabi/9.3.1/../../../../arm-none-eabi/lib/thumb/v7-m/nofp\libc_nano.a(lib_a-nano-mallocr.o)
 .debug_frame   0x0000000000002154       0x3c d:/vxl/stm32/stm32cubeide_1.7.0/stm32cubeide/plugins/com.st.stm32cube.ide.mcu.externaltools.gnu-tools-for-stm32.9-2020-q2-update.win32_2.0.0.202105311346/tools/bin/../lib/gcc/arm-none-eabi/9.3.1/../../../../arm-none-eabi/lib/thumb/v7-m/nofp\libc_nano.a(lib_a-nano-reallocr.o)
 .debug_frame   0x0000000000002190       0x2c d:/vxl/stm32/stm32cubeide_1.7.0/stm32cubeide/plugins/com.st.stm32cube.ide.mcu.externaltools.gnu-tools-for-stm32.9-2020-q2-update.win32_2.0.0.202105311346/tools/bin/../lib/gcc/arm-none-eabi/9.3.1/../../../../arm-none-eabi/lib/thumb/v7-m/nofp\libc_nano.a(lib_a-sbrkr.o)
 .debug_frame   0x00000000000021bc       0x30 d:/vxl/stm32/stm32cubeide_1.7.0/stm32cubeide/plugins/com.st.stm32cube.ide.mcu.externaltools.gnu-tools-for-stm32.9-2020-q2-update.win32_2.0.0.202105311346/tools/bin/../lib/gcc/arm-none-eabi/9.3.1/../../../../arm-none-eabi/lib/thumb/v7-m/nofp\libc_nano.a(lib_a-mlock.o)
 .debug_frame   0x00000000000021ec       0x20 d:/vxl/stm32/stm32cubeide_1.7.0/stm32cubeide/plugins/com.st.stm32cube.ide.mcu.externaltools.gnu-tools-for-stm32.9-2020-q2-update.win32_2.0.0.202105311346/tools/bin/../lib/gcc/arm-none-eabi/9.3.1/../../../../arm-none-eabi/lib/thumb/v7-m/nofp\libc_nano.a(lib_a-nano-msizer.o)
 .debug_frame   0x000000000000220c       0x5c d:/vxl/stm32/stm32cubeide_1.7.0/stm32cubeide/plugins/com.st.stm32cube.ide.mcu.externaltools.gnu-tools-for-stm32.9-2020-q2-update.win32_2.0.0.202105311346/tools/bin/../lib/gcc/arm-none-eabi/9.3.1/../../../../arm-none-eabi/lib/thumb/v7-m/nofp\libc_nano.a(lib_a-reent.o)
 .debug_frame   0x0000000000002268       0xb0 d:/vxl/stm32/stm32cubeide_1.7.0/stm32cubeide/plugins/com.st.stm32cube.ide.mcu.externaltools.gnu-tools-for-stm32.9-2020-q2-update.win32_2.0.0.202105311346/tools/bin/../lib/gcc/arm-none-eabi/9.3.1/../../../../arm-none-eabi/lib/thumb/v7-m/nofp\libc_nano.a(lib_a-lock.o)
